../Drivers/SSD1306/ssd1306.c:8:6:ssd1306_Reset	0	static
../Drivers/SSD1306/ssd1306.c:13:6:ssd1306_WriteCommand	32	static
../Drivers/SSD1306/ssd1306.c:18:6:ssd1306_WriteData	24	static
../Drivers/SSD1306/ssd1306.c:63:17:ssd1306_FillBuffer	8	static
../Drivers/SSD1306/ssd1306.c:175:6:ssd1306_Fill	8	static
../Drivers/SSD1306/ssd1306.c:180:6:ssd1306_UpdateScreen	16	static
../Drivers/SSD1306/ssd1306.c:201:6:ssd1306_DrawPixel	12	static
../Drivers/SSD1306/ssd1306.c:221:6:ssd1306_WriteChar	64	static
../Drivers/SSD1306/ssd1306.c:258:6:ssd1306_WriteString	40	static
../Drivers/SSD1306/ssd1306.c:272:6:ssd1306_SetCursor	0	static
../Drivers/SSD1306/ssd1306.c:278:6:ssd1306_Line	48	static
../Drivers/SSD1306/ssd1306.c:305:6:ssd1306_Polyline	32	static
../Drivers/SSD1306/ssd1306.c:340:6:ssd1306_DrawArc	72	static
../Drivers/SSD1306/ssd1306.c:380:6:ssd1306_DrawArcWithRadiusLine	72	static
../Drivers/SSD1306/ssd1306.c:423:6:ssd1306_DrawCircle	48	static
../Drivers/SSD1306/ssd1306.c:458:6:ssd1306_FillCircle	40	static
../Drivers/SSD1306/ssd1306.c:494:6:ssd1306_DrawRectangle	40	static
../Drivers/SSD1306/ssd1306.c:504:6:ssd1306_FillRectangle	32	static
../Drivers/SSD1306/ssd1306.c:518:17:ssd1306_InvertRectangle	40	static
../Drivers/SSD1306/ssd1306.c:549:6:ssd1306_DrawBitmap	48	static
../Drivers/SSD1306/ssd1306.c:573:6:ssd1306_SetContrast	8	static
../Drivers/SSD1306/ssd1306.c:579:6:ssd1306_SetDisplayOn	8	static
../Drivers/SSD1306/ssd1306.c:73:6:ssd1306_Init	8	static
../Drivers/SSD1306/ssd1306.c:591:9:ssd1306_GetDisplayOn	0	static
