../Core/Src/main.c:110:6:Display_TimeScreen	32	static
../Core/Src/main.c:141:6:Display_SettingsScreen	40	static
../Core/Src/main.c:179:6:HAL_TIM_PeriodElapsedCallback	0	static
../Core/Src/main.c:204:10:Read_JOYSTICK	8	static
../Core/Src/main.c:210:19:Dechipher_JOYSTICK	0	static
../Core/Src/main.c:219:6:handle_movement	8	static
../Core/Src/main.c:244:6:handle_absence	16	static
../Core/Src/main.c:281:6:handle_settings_mode	40	static
../Core/Src/main.c:460:6:SystemClock_Config	56	static,ignoring_inline_asm
../Core/Src/main.c:191:6:HAL_GPIO_EXTI_Callback	8	static
../Core/Src/main.c:345:5:main	88	static,ignoring_inline_asm
../Core/Src/main.c:731:6:Error_Handler	0	static,ignoring_inline_asm
