Archive member included to satisfy reference by file (symbol)

C:/ST/STM32CubeIDE_1.19.0/STM32CubeIDE/plugins/com.st.stm32cube.ide.mcu.externaltools.gnu-tools-for-stm32.13.3.rel1.win32_1.0.100.202509120712/tools/bin/../lib/gcc/arm-none-eabi/13.3.1/../../../../arm-none-eabi/lib/thumb/v6-m/nofp\libc_nano.a(libc_a-exit.o)
                              C:/ST/STM32CubeIDE_1.19.0/STM32CubeIDE/plugins/com.st.stm32cube.ide.mcu.externaltools.gnu-tools-for-stm32.13.3.rel1.win32_1.0.100.202509120712/tools/bin/../lib/gcc/arm-none-eabi/13.3.1/../../../../arm-none-eabi/lib/thumb/v6-m/nofp/crt0.o (exit)
C:/ST/STM32CubeIDE_1.19.0/STM32CubeIDE/plugins/com.st.stm32cube.ide.mcu.externaltools.gnu-tools-for-stm32.13.3.rel1.win32_1.0.100.202509120712/tools/bin/../lib/gcc/arm-none-eabi/13.3.1/../../../../arm-none-eabi/lib/thumb/v6-m/nofp\libc_nano.a(libc_a-findfp.o)
                              C:/ST/STM32CubeIDE_1.19.0/STM32CubeIDE/plugins/com.st.stm32cube.ide.mcu.externaltools.gnu-tools-for-stm32.13.3.rel1.win32_1.0.100.202509120712/tools/bin/../lib/gcc/arm-none-eabi/13.3.1/../../../../arm-none-eabi/lib/thumb/v6-m/nofp\libc_nano.a(libc_a-exit.o) (__stdio_exit_handler)
C:/ST/STM32CubeIDE_1.19.0/STM32CubeIDE/plugins/com.st.stm32cube.ide.mcu.externaltools.gnu-tools-for-stm32.13.3.rel1.win32_1.0.100.202509120712/tools/bin/../lib/gcc/arm-none-eabi/13.3.1/../../../../arm-none-eabi/lib/thumb/v6-m/nofp\libc_nano.a(libc_a-fwalk.o)
                              C:/ST/STM32CubeIDE_1.19.0/STM32CubeIDE/plugins/com.st.stm32cube.ide.mcu.externaltools.gnu-tools-for-stm32.13.3.rel1.win32_1.0.100.202509120712/tools/bin/../lib/gcc/arm-none-eabi/13.3.1/../../../../arm-none-eabi/lib/thumb/v6-m/nofp\libc_nano.a(libc_a-findfp.o) (_fwalk_sglue)
C:/ST/STM32CubeIDE_1.19.0/STM32CubeIDE/plugins/com.st.stm32cube.ide.mcu.externaltools.gnu-tools-for-stm32.13.3.rel1.win32_1.0.100.202509120712/tools/bin/../lib/gcc/arm-none-eabi/13.3.1/../../../../arm-none-eabi/lib/thumb/v6-m/nofp\libc_nano.a(libc_a-sprintf.o)
                              ./Core/Src/main.o (sprintf)
C:/ST/STM32CubeIDE_1.19.0/STM32CubeIDE/plugins/com.st.stm32cube.ide.mcu.externaltools.gnu-tools-for-stm32.13.3.rel1.win32_1.0.100.202509120712/tools/bin/../lib/gcc/arm-none-eabi/13.3.1/../../../../arm-none-eabi/lib/thumb/v6-m/nofp\libc_nano.a(libc_a-stdio.o)
                              C:/ST/STM32CubeIDE_1.19.0/STM32CubeIDE/plugins/com.st.stm32cube.ide.mcu.externaltools.gnu-tools-for-stm32.13.3.rel1.win32_1.0.100.202509120712/tools/bin/../lib/gcc/arm-none-eabi/13.3.1/../../../../arm-none-eabi/lib/thumb/v6-m/nofp\libc_nano.a(libc_a-findfp.o) (__sread)
C:/ST/STM32CubeIDE_1.19.0/STM32CubeIDE/plugins/com.st.stm32cube.ide.mcu.externaltools.gnu-tools-for-stm32.13.3.rel1.win32_1.0.100.202509120712/tools/bin/../lib/gcc/arm-none-eabi/13.3.1/../../../../arm-none-eabi/lib/thumb/v6-m/nofp\libc_nano.a(libc_a-memset.o)
                              C:/ST/STM32CubeIDE_1.19.0/STM32CubeIDE/plugins/com.st.stm32cube.ide.mcu.externaltools.gnu-tools-for-stm32.13.3.rel1.win32_1.0.100.202509120712/tools/bin/../lib/gcc/arm-none-eabi/13.3.1/../../../../arm-none-eabi/lib/thumb/v6-m/nofp/crt0.o (memset)
C:/ST/STM32CubeIDE_1.19.0/STM32CubeIDE/plugins/com.st.stm32cube.ide.mcu.externaltools.gnu-tools-for-stm32.13.3.rel1.win32_1.0.100.202509120712/tools/bin/../lib/gcc/arm-none-eabi/13.3.1/../../../../arm-none-eabi/lib/thumb/v6-m/nofp\libc_nano.a(libc_a-closer.o)
                              C:/ST/STM32CubeIDE_1.19.0/STM32CubeIDE/plugins/com.st.stm32cube.ide.mcu.externaltools.gnu-tools-for-stm32.13.3.rel1.win32_1.0.100.202509120712/tools/bin/../lib/gcc/arm-none-eabi/13.3.1/../../../../arm-none-eabi/lib/thumb/v6-m/nofp\libc_nano.a(libc_a-stdio.o) (_close_r)
C:/ST/STM32CubeIDE_1.19.0/STM32CubeIDE/plugins/com.st.stm32cube.ide.mcu.externaltools.gnu-tools-for-stm32.13.3.rel1.win32_1.0.100.202509120712/tools/bin/../lib/gcc/arm-none-eabi/13.3.1/../../../../arm-none-eabi/lib/thumb/v6-m/nofp\libc_nano.a(libc_a-reent.o)
                              C:/ST/STM32CubeIDE_1.19.0/STM32CubeIDE/plugins/com.st.stm32cube.ide.mcu.externaltools.gnu-tools-for-stm32.13.3.rel1.win32_1.0.100.202509120712/tools/bin/../lib/gcc/arm-none-eabi/13.3.1/../../../../arm-none-eabi/lib/thumb/v6-m/nofp\libc_nano.a(libc_a-closer.o) (errno)
C:/ST/STM32CubeIDE_1.19.0/STM32CubeIDE/plugins/com.st.stm32cube.ide.mcu.externaltools.gnu-tools-for-stm32.13.3.rel1.win32_1.0.100.202509120712/tools/bin/../lib/gcc/arm-none-eabi/13.3.1/../../../../arm-none-eabi/lib/thumb/v6-m/nofp\libc_nano.a(libc_a-impure.o)
                              C:/ST/STM32CubeIDE_1.19.0/STM32CubeIDE/plugins/com.st.stm32cube.ide.mcu.externaltools.gnu-tools-for-stm32.13.3.rel1.win32_1.0.100.202509120712/tools/bin/../lib/gcc/arm-none-eabi/13.3.1/../../../../arm-none-eabi/lib/thumb/v6-m/nofp\libc_nano.a(libc_a-sprintf.o) (_impure_ptr)
[...]
Memory Configuration

Name             Origin             Length             Attributes
RAM              0x20000000         0x00001800         xrw
FLASH            0x08000000         0x00007800         xr
STORAGE          0x08007800         0x00000800         r
*default*        0x00000000         0xffffffff

Linker script and memory map

LOAD C:/ST/STM32CubeIDE_1.19.0/STM32CubeIDE/plugins/com.st.stm32cube.ide.mcu.externaltools.gnu-tools-for-stm32.13.3.rel1.win32_1.0.100.202509120712/tools/bin/../lib/gcc/arm-none-eabi/13.3.1/thumb/v6-m/nofp/crti.o
LOAD C:/ST/STM32CubeIDE_1.19.0/STM32CubeIDE/plugins/com.st.stm32cube.ide.mcu.externaltools.gnu-tools-for-stm32.13.3.rel1.win32_1.0.100.202509120712/tools/bin/../lib/gcc/arm-none-eabi/13.3.1/thumb/v6-m/nofp/crtbegin.o
LOAD C:/ST/STM32CubeIDE_1.19.0/STM32CubeIDE/plugins/com.st.stm32cube.ide.mcu.externaltools.gnu-tools-for-stm32.13.3.rel1.win32_1.0.100.202509120712/tools/bin/../lib/gcc/arm-none-eabi/13.3.1/../../../../arm-none-eabi/lib/thumb/v6-m/nofp/crt0.o
LOAD ./Core/Src/main.o
LOAD ./Core/Src/stm32c0xx_hal_msp.o
LOAD ./Core/Src/stm32c0xx_it.o
LOAD ./Core/Src/storage.o
LOAD ./Core/Src/syscalls.o
LOAD ./Core/Src/sysmem.o
LOAD ./Core/Src/system_stm32c0xx.o
LOAD ./Core/Src/uprint.o
LOAD ./Core/Src/util.o
LOAD ./Core/Startup/startup_stm32c011f6ux.o
LOAD ./Drivers/SSD1306/ssd1306.o
LOAD ./Drivers/SSD1306/ssd1306_fonts.o
LOAD ./Drivers/STM32C0xx_HAL_Driver/Src/stm32c0xx_hal.o
LOAD ./Drivers/STM32C0xx_HAL_Driver/Src/stm32c0xx_hal_adc.o
LOAD ./Drivers/STM32C0xx_HAL_Driver/Src/stm32c0xx_hal_adc_ex.o
LOAD ./Drivers/STM32C0xx_HAL_Driver/Src/stm32c0xx_hal_cortex.o
LOAD ./Drivers/STM32C0xx_HAL_Driver/Src/stm32c0xx_hal_dma.o
LOAD ./Drivers/STM32C0xx_HAL_Driver/Src/stm32c0xx_hal_dma_ex.o
LOAD ./Drivers/STM32C0xx_HAL_Driver/Src/stm32c0xx_hal_exti.o
LOAD ./Drivers/STM32C0xx_HAL_Driver/Src/stm32c0xx_hal_flash.o
LOAD ./Drivers/STM32C0xx_HAL_Driver/Src/stm32c0xx_hal_flash_ex.o
LOAD ./Drivers/STM32C0xx_HAL_Driver/Src/stm32c0xx_hal_gpio.o
LOAD ./Drivers/STM32C0xx_HAL_Driver/Src/stm32c0xx_hal_i2c.o
LOAD ./Drivers/STM32C0xx_HAL_Driver/Src/stm32c0xx_hal_i2c_ex.o
LOAD ./Drivers/STM32C0xx_HAL_Driver/Src/stm32c0xx_hal_pwr.o
LOAD ./Drivers/STM32C0xx_HAL_Driver/Src/stm32c0xx_hal_pwr_ex.o
LOAD ./Drivers/STM32C0xx_HAL_Driver/Src/stm32c0xx_hal_rcc.o
LOAD ./Drivers/STM32C0xx_HAL_Driver/Src/stm32c0xx_hal_rcc_ex.o
LOAD ./Drivers/STM32C0xx_HAL_Driver/Src/stm32c0xx_hal_rtc.o
LOAD ./Drivers/STM32C0xx_HAL_Driver/Src/stm32c0xx_hal_rtc_ex.o
LOAD ./Drivers/STM32C0xx_HAL_Driver/Src/stm32c0xx_hal_tim.o
LOAD ./Drivers/STM32C0xx_HAL_Driver/Src/stm32c0xx_hal_tim_ex.o
START GROUP
LOAD C:/ST/STM32CubeIDE_1.19.0/STM32CubeIDE/plugins/com.st.stm32cube.ide.mcu.externaltools.gnu-tools-for-stm32.13.3.rel1.win32_1.0.100.202509120712/tools/bin/../lib/gcc/arm-none-eabi/13.3.1/../../../../arm-none-eabi/lib/thumb/v6-m/nofp\libc_nano.a
LOAD C:/ST/STM32CubeIDE_1.19.0/STM32CubeIDE/plugins/com.st.stm32cube.ide.mcu.externaltools.gnu-tools-for-stm32.13.3.rel1.win32_1.0.100.202509120712/tools/bin/../lib/gcc/arm-none-eabi/13.3.1/../../../../arm-none-eabi/lib/thumb/v6-m/nofp\libm.a
END GROUP
START GROUP
LOAD C:/ST/STM32CubeIDE_1.19.0/STM32CubeIDE/plugins/com.st.stm32cube.ide.mcu.externaltools.gnu-tools-for-stm32.13.3.rel1.win32_1.0.100.202509120712/tools/bin/../lib/gcc/arm-none-eabi/13.3.1/thumb/v6-m/nofp\libgcc.a
LOAD C:/ST/STM32CubeIDE_1.19.0/STM32CubeIDE/plugins/com.st.stm32cube.ide.mcu.externaltools.gnu-tools-for-stm32.13.3.rel1.win32_1.0.100.202509120712/tools/bin/../lib/gcc/arm-none-eabi/13.3.1/../../../../arm-none-eabi/lib/thumb/v6-m/nofp\libc_nano.a
END GROUP
START GROUP
LOAD C:/ST/STM32CubeIDE_1.19.0/STM32CubeIDE/plugins/com.st.stm32cube.ide.mcu.externaltools.gnu-tools-for-stm32.13.3.rel1.win32_1.0.100.202509120712/tools/bin/../lib/gcc/arm-none-eabi/13.3.1/thumb/v6-m/nofp\libgcc.a
LOAD C:/ST/STM32CubeIDE_1.19.0/STM32CubeIDE/plugins/com.st.stm32cube.ide.mcu.externaltools.gnu-tools-for-stm32.13.3.rel1.win32_1.0.100.202509120712/tools/bin/../lib/gcc/arm-none-eabi/13.3.1/../../../../arm-none-eabi/lib/thumb/v6-m/nofp\libc_nano.a
LOAD C:/ST/STM32CubeIDE_1.19.0/STM32CubeIDE/plugins/com.st.stm32cube.ide.mcu.externaltools.gnu-tools-for-stm32.13.3.rel1.win32_1.0.100.202509120712/tools/bin/../lib/gcc/arm-none-eabi/13.3.1/../../../../arm-none-eabi/lib/thumb/v6-m/nofp\libnosys.a
END GROUP
START GROUP
LOAD C:/ST/STM32CubeIDE_1.19.0/STM32CubeIDE/plugins/com.st.stm32cube.ide.mcu.externaltools.gnu-tools-for-stm32.13.3.rel1.win32_1.0.100.202509120712/tools/bin/../lib/gcc/arm-none-eabi/13.3.1/thumb/v6-m/nofp\libgcc.a
LOAD C:/ST/STM32CubeIDE_1.19.0/STM32CubeIDE/plugins/com.st.stm32cube.ide.mcu.externaltools.gnu-tools-for-stm32.13.3.rel1.win32_1.0.100.202509120712/tools/bin/../lib/gcc/arm-none-eabi/13.3.1/../../../../arm-none-eabi/lib/thumb/v6-m/nofp\libc_nano.a
LOAD C:/ST/STM32CubeIDE_1.19.0/STM32CubeIDE/plugins/com.st.stm32cube.ide.mcu.externaltools.gnu-tools-for-stm32.13.3.rel1.win32_1.0.100.202509120712/tools/bin/../lib/gcc/arm-none-eabi/13.3.1/../../../../arm-none-eabi/lib/thumb/v6-m/nofp\libnosys.a
END GROUP
LOAD C:/ST/STM32CubeIDE_1.19.0/STM32CubeIDE/plugins/com.st.stm32cube.ide.mcu.externaltools.gnu-tools-for-stm32.13.3.rel1.win32_1.0.100.202509120712/tools/bin/../lib/gcc/arm-none-eabi/13.3.1/thumb/v6-m/nofp/crtend.o
LOAD C:/ST/STM32CubeIDE_1.19.0/STM32CubeIDE/plugins/com.st.stm32cube.ide.mcu.externaltools.gnu-tools-for-stm32.13.3.rel1.win32_1.0.100.202509120712/tools/bin/../lib/gcc/arm-none-eabi/13.3.1/thumb/v6-m/nofp/crtn.o
                0x20001800                        _estack = (ORIGIN (RAM) + LENGTH (RAM))
                0x00000200                        _Min_Heap_Size = 0x200
                0x00000400                        _Min_Stack_Size = 0x400

.isr_vector     0x08000000       0xc0
                0x08000000                        . = ALIGN (0x4)
 *(.isr_vector)
 .isr_vector    0x08000000       0xc0 ./Core/Startup/startup_stm32c011f6ux.o
                0x08000000                g_pfnVectors
                0x080000c0                        . = ALIGN (0x4)

.text           0x080000c0     0x3ab0
                0x080000c0                        . = ALIGN (0x4)
 *(.text)
 .text          0x080000c0       0x48 C:/ST/STM32CubeIDE_1.19.0/STM32CubeIDE/plugins/com.st.stm32cube.ide.mcu.externaltools.gnu-tools-for-stm32.13.3.rel1.win32_1.0.100.202509120712/tools/bin/../lib/gcc/arm-none-eabi/13.3.1/thumb/v6-m/nofp/crtbegin.o
 .text          0x08000108       0x14 C:/ST/STM32CubeIDE_1.19.0/STM32CubeIDE/plugins/com.st.stm32cube.ide.mcu.externaltools.gnu-tools-for-stm32.13.3.rel1.win32_1.0.100.202509120712/tools/bin/../lib/gcc/arm-none-eabi/13.3.1/thumb/v6-m/nofp\libgcc.a(_thumb1_case_uqi.o)
                0x08000108                __gnu_thumb1_case_uqi
 .text          0x0800011c       0x14 C:/ST/STM32CubeIDE_1.19.0/STM32CubeIDE/plugins/com.st.stm32cube.ide.mcu.externaltools.gnu-tools-for-stm32.13.3.rel1.win32_1.0.100.202509120712/tools/bin/../lib/gcc/arm-none-eabi/13.3.1/thumb/v6-m/nofp\libgcc.a(_thumb1_case_shi.o)
                0x0800011c                __gnu_thumb1_case_shi
 .text          0x08000130      0x114 C:/ST/STM32CubeIDE_1.19.0/STM32CubeIDE/plugins/com.st.stm32cube.ide.mcu.externaltools.gnu-tools-for-stm32.13.3.rel1.win32_1.0.100.202509120712/tools/bin/../lib/gcc/arm-none-eabi/13.3.1/thumb/v6-m/nofp\libgcc.a(_udivsi3.o)
                0x08000130                __aeabi_uidiv
                0x08000130                __udivsi3
                0x0800023c                __aeabi_uidivmod
 .text          0x08000244      0x1d4 C:/ST/STM32CubeIDE_1.19.0/STM32CubeIDE/plugins/com.st.stm32cube.ide.mcu.externaltools.gnu-tools-for-stm32.13.3.rel1.win32_1.0.100.202509120712/tools/bin/../lib/gcc/arm-none-eabi/13.3.1/thumb/v6-m/nofp\libgcc.a(_divsi3.o)
                0x08000244                __divsi3
                0x08000244                __aeabi_idiv
                0x08000410                __aeabi_idivmod
 .text          0x08000418        0x4 C:/ST/STM32CubeIDE_1.19.0/STM32CubeIDE/plugins/com.st.stm32cube.ide.mcu.externaltools.gnu-tools-for-stm32.13.3.rel1.win32_1.0.100.202509120712/tools/bin/../lib/gcc/arm-none-eabi/13.3.1/thumb/v6-m/nofp\libgcc.a(_dvmd_tls.o)
                0x08000418                __aeabi_idiv0
                0x08000418                __aeabi_ldiv0
 *(.text*)
 .text.Display_TimeScreen
                0x0800041c       0xac ./Core/Src/main.o
                0x0800041c                Display_TimeScreen
 .text.Display_SettingsScreen
                0x080004c8       0xc4 ./Core/Src/main.o
                0x080004c8                Display_SettingsScreen
 .text.HAL_TIM_PeriodElapsedCallback
                0x0800058c       0x54 ./Core/Src/main.o
                0x0800058c                HAL_TIM_PeriodElapsedCallback
 .text.Read_JOYSTICK
                0x080005e0       0x24 ./Core/Src/main.o
                0x080005e0                Read_JOYSTICK
 .text.Dechipher_JOYSTICK
                0x08000604       0x3c ./Core/Src/main.o
                0x08000604                Dechipher_JOYSTICK
 .text.handle_movement
                0x08000640       0x98 ./Core/Src/main.o
                0x08000640                handle_movement
 .text.handle_absence
                0x080006d8       0xd8 ./Core/Src/main.o
                0x080006d8                handle_absence
 .text.handle_settings_mode
                0x080007b0       0xd4 ./Core/Src/main.o
                0x080007b0                handle_settings_mode
 .text.SystemClock_Config
                0x08000884       0x68 ./Core/Src/main.o
                0x08000884                SystemClock_Config
 .text.startup.main
                0x080008ec      0x3d8 ./Core/Src/main.o
                0x080008ec                main
 .text.Error_Handler
                0x08000cc4        0x4 ./Core/Src/main.o
                0x08000cc4                Error_Handler
 .text.HAL_MspInit
                0x08000cc8       0x30 ./Core/Src/stm32c0xx_hal_msp.o
                0x08000cc8                HAL_MspInit
 .text.HAL_ADC_MspInit
                0x08000cf8       0x8c ./Core/Src/stm32c0xx_hal_msp.o
                0x08000cf8                HAL_ADC_MspInit
 .text.HAL_I2C_MspInit
                0x08000d84       0xb0 ./Core/Src/stm32c0xx_hal_msp.o
                0x08000d84                HAL_I2C_MspInit
 .text.HAL_RTC_MspInit
                0x08000e34       0x5c ./Core/Src/stm32c0xx_hal_msp.o
                0x08000e34                HAL_RTC_MspInit
 .text.HAL_TIM_Base_MspInit
                0x08000e90       0x38 ./Core/Src/stm32c0xx_hal_msp.o
                0x08000e90                HAL_TIM_Base_MspInit
 .text.NMI_Handler
                0x08000ec8        0x2 ./Core/Src/stm32c0xx_it.o
                0x08000ec8                NMI_Handler
 .text.HardFault_Handler
                0x08000eca        0x2 ./Core/Src/stm32c0xx_it.o
                0x08000eca                HardFault_Handler
 .text.SVC_Handler
                0x08000ecc        0x2 ./Core/Src/stm32c0xx_it.o
                0x08000ecc                SVC_Handler
 .text.PendSV_Handler
                0x08000ece        0x2 ./Core/Src/stm32c0xx_it.o
                0x08000ece                PendSV_Handler
 .text.SysTick_Handler
                0x08000ed0        0x8 ./Core/Src/stm32c0xx_it.o
                0x08000ed0                SysTick_Handler
 .text.EXTI4_15_IRQHandler
                0x08000ed8        0xc ./Core/Src/stm32c0xx_it.o
                0x08000ed8                EXTI4_15_IRQHandler
 .text.ADC1_IRQHandler
                0x08000ee4       0x10 ./Core/Src/stm32c0xx_it.o
                0x08000ee4                ADC1_IRQHandler
 .text.TIM1_BRK_UP_TRG_COM_IRQHandler
                0x08000ef4       0x10 ./Core/Src/stm32c0xx_it.o
                0x08000ef4                TIM1_BRK_UP_TRG_COM_IRQHandler
 .text.__load_fromFlash
                0x08000f04       0x30 ./Core/Src/storage.o
                0x08000f04                __load_fromFlash
 .text.__flash_store
                0x08000f34       0x68 ./Core/Src/storage.o
                0x08000f34                __flash_store
 .text._sbrk    0x08000f9c       0x40 ./Core/Src/sysmem.o
                0x08000f9c                _sbrk
 .text.SystemInit
                0x08000fdc       0x10 ./Core/Src/system_stm32c0xx.o
                0x08000fdc                SystemInit
 .text.getHoursMins
                0x08000fec       0x38 ./Core/Src/util.o
                0x08000fec                getHoursMins
 .text.timestampToChar
                0x08001024       0x28 ./Core/Src/util.o
                0x08001024                timestampToChar
 .text.hoursMinsToTimestamp
                0x0800104c        0xa ./Core/Src/util.o
                0x0800104c                hoursMinsToTimestamp
 .text.getActualAverage
                0x08001056       0x30 ./Core/Src/util.o
                0x08001056                getActualAverage
 *fill*         0x08001086        0x2 
 .text.Reset_Handler
                0x08001088       0x50 ./Core/Startup/startup_stm32c011f6ux.o
                0x08001088                Reset_Handler
 .text.Default_Handler
                0x080010d8        0x2 ./Core/Startup/startup_stm32c011f6ux.o
                0x080010d8                TIM1_CC_IRQHandler
                0x080010d8                I2C1_IRQHandler
                0x080010d8                DMAMUX1_IRQHandler
                0x080010d8                SPI1_IRQHandler
                0x080010d8                EXTI2_3_IRQHandler
                0x080010d8                TIM17_IRQHandler
                0x080010d8                RTC_IRQHandler
                0x080010d8                TIM16_IRQHandler
                0x080010d8                TIM3_IRQHandler
                0x080010d8                RCC_IRQHandler
                0x080010d8                DMA1_Channel1_IRQHandler
                0x080010d8                Default_Handler
                0x080010d8                TIM14_IRQHandler
                0x080010d8                EXTI0_1_IRQHandler
                0x080010d8                WWDG_IRQHandler
                0x080010d8                DMA1_Channel2_3_IRQHandler
                0x080010d8                USART2_IRQHandler
                0x080010d8                FLASH_IRQHandler
                0x080010d8                USART1_IRQHandler
 *fill*         0x080010da        0x2 
 .text.ssd1306_WriteCommand
                0x080010dc       0x28 ./Drivers/SSD1306/ssd1306.o
                0x080010dc                ssd1306_WriteCommand
 .text.ssd1306_WriteData
                0x08001104       0x24 ./Drivers/SSD1306/ssd1306.o
                0x08001104                ssd1306_WriteData
 .text.ssd1306_Fill
                0x08001128       0x1c ./Drivers/SSD1306/ssd1306.o
                0x08001128                ssd1306_Fill
 .text.ssd1306_UpdateScreen
                0x08001144       0x30 ./Drivers/SSD1306/ssd1306.o
                0x08001144                ssd1306_UpdateScreen
 .text.ssd1306_DrawPixel
                0x08001174       0x30 ./Drivers/SSD1306/ssd1306.o
                0x08001174                ssd1306_DrawPixel
 .text.ssd1306_WriteChar
                0x080011a4       0xb0 ./Drivers/SSD1306/ssd1306.o
                0x080011a4                ssd1306_WriteChar
 .text.ssd1306_WriteString
                0x08001254       0x32 ./Drivers/SSD1306/ssd1306.o
                0x08001254                ssd1306_WriteString
 *fill*         0x08001286        0x2 
 .text.ssd1306_SetCursor
                0x08001288        0xc ./Drivers/SSD1306/ssd1306.o
                0x08001288                ssd1306_SetCursor
 .text.ssd1306_FillRectangle
                0x08001294       0x5e ./Drivers/SSD1306/ssd1306.o
                0x08001294                ssd1306_FillRectangle
 .text.ssd1306_SetContrast
                0x080012f2       0x12 ./Drivers/SSD1306/ssd1306.o
                0x080012f2                ssd1306_SetContrast
 .text.ssd1306_SetDisplayOn
                0x08001304       0x1c ./Drivers/SSD1306/ssd1306.o
                0x08001304                ssd1306_SetDisplayOn
 .text.ssd1306_Init
                0x08001320       0xc8 ./Drivers/SSD1306/ssd1306.o
                0x08001320                ssd1306_Init
 .text.ssd1306_GetDisplayOn
                0x080013e8        0xc ./Drivers/SSD1306/ssd1306.o
                0x080013e8                ssd1306_GetDisplayOn
 .text.HAL_InitTick
                0x080013f4       0x50 ./Drivers/STM32C0xx_HAL_Driver/Src/stm32c0xx_hal.o
                0x080013f4                HAL_InitTick
 .text.HAL_Init
                0x08001444       0x18 ./Drivers/STM32C0xx_HAL_Driver/Src/stm32c0xx_hal.o
                0x08001444                HAL_Init
 .text.HAL_IncTick
                0x0800145c       0x18 ./Drivers/STM32C0xx_HAL_Driver/Src/stm32c0xx_hal.o
                0x0800145c                HAL_IncTick
 .text.HAL_GetTick
                0x08001474        0xc ./Drivers/STM32C0xx_HAL_Driver/Src/stm32c0xx_hal.o
                0x08001474                HAL_GetTick
 .text.HAL_Delay
                0x08001480       0x24 ./Drivers/STM32C0xx_HAL_Driver/Src/stm32c0xx_hal.o
                0x08001480                HAL_Delay
 .text.LL_ADC_REG_IsConversionOngoing
                0x080014a4        0x8 ./Drivers/STM32C0xx_HAL_Driver/Src/stm32c0xx_hal_adc.o
 .text.HAL_ADC_Init
                0x080014ac      0x220 ./Drivers/STM32C0xx_HAL_Driver/Src/stm32c0xx_hal_adc.o
                0x080014ac                HAL_ADC_Init
 .text.HAL_ADC_PollForConversion
                0x080016cc       0xc0 ./Drivers/STM32C0xx_HAL_Driver/Src/stm32c0xx_hal_adc.o
                0x080016cc                HAL_ADC_PollForConversion
 .text.HAL_ADC_GetValue
                0x0800178c        0x6 ./Drivers/STM32C0xx_HAL_Driver/Src/stm32c0xx_hal_adc.o
                0x0800178c                HAL_ADC_GetValue
 .text.HAL_ADC_ConvCpltCallback
                0x08001792        0x2 ./Drivers/STM32C0xx_HAL_Driver/Src/stm32c0xx_hal_adc.o
                0x08001792                HAL_ADC_ConvCpltCallback
 .text.HAL_ADC_LevelOutOfWindowCallback
                0x08001794        0x2 ./Drivers/STM32C0xx_HAL_Driver/Src/stm32c0xx_hal_adc.o
                0x08001794                HAL_ADC_LevelOutOfWindowCallback
 .text.HAL_ADC_ErrorCallback
                0x08001796        0x2 ./Drivers/STM32C0xx_HAL_Driver/Src/stm32c0xx_hal_adc.o
                0x08001796                HAL_ADC_ErrorCallback
 .text.HAL_ADC_CalibrationCpltCallback
                0x08001798        0x2 ./Drivers/STM32C0xx_HAL_Driver/Src/stm32c0xx_hal_adc.o
                0x08001798                HAL_ADC_CalibrationCpltCallback
 .text.HAL_ADC_ADCReadyCallback
                0x0800179a        0x2 ./Drivers/STM32C0xx_HAL_Driver/Src/stm32c0xx_hal_adc.o
                0x0800179a                HAL_ADC_ADCReadyCallback
 .text.HAL_ADC_IRQHandler
                0x0800179c      0x198 ./Drivers/STM32C0xx_HAL_Driver/Src/stm32c0xx_hal_adc.o
                0x0800179c                HAL_ADC_IRQHandler
 .text.HAL_ADC_ConfigChannel
                0x08001934      0x248 ./Drivers/STM32C0xx_HAL_Driver/Src/stm32c0xx_hal_adc.o
                0x08001934                HAL_ADC_ConfigChannel
 .text.ADC_Enable
                0x08001b7c       0xb0 ./Drivers/STM32C0xx_HAL_Driver/Src/stm32c0xx_hal_adc.o
                0x08001b7c                ADC_Enable
 .text.HAL_ADC_Start
                0x08001c2c       0x5c ./Drivers/STM32C0xx_HAL_Driver/Src/stm32c0xx_hal_adc.o
                0x08001c2c                HAL_ADC_Start
 .text.HAL_ADCEx_LevelOutOfWindow2Callback
                0x08001c88        0x2 ./Drivers/STM32C0xx_HAL_Driver/Src/stm32c0xx_hal_adc_ex.o
                0x08001c88                HAL_ADCEx_LevelOutOfWindow2Callback
 .text.HAL_ADCEx_LevelOutOfWindow3Callback
                0x08001c8a        0x2 ./Drivers/STM32C0xx_HAL_Driver/Src/stm32c0xx_hal_adc_ex.o
                0x08001c8a                HAL_ADCEx_LevelOutOfWindow3Callback
 .text.HAL_ADCEx_EndOfSamplingCallback
                0x08001c8c        0x2 ./Drivers/STM32C0xx_HAL_Driver/Src/stm32c0xx_hal_adc_ex.o
                0x08001c8c                HAL_ADCEx_EndOfSamplingCallback
 .text.HAL_ADCEx_ChannelConfigReadyCallback
                0x08001c8e        0x2 ./Drivers/STM32C0xx_HAL_Driver/Src/stm32c0xx_hal_adc_ex.o
                0x08001c8e                HAL_ADCEx_ChannelConfigReadyCallback
 .text.HAL_NVIC_SetPriority
                0x08001c90       0x54 ./Drivers/STM32C0xx_HAL_Driver/Src/stm32c0xx_hal_cortex.o
                0x08001c90                HAL_NVIC_SetPriority
 .text.HAL_NVIC_EnableIRQ
                0x08001ce4       0x18 ./Drivers/STM32C0xx_HAL_Driver/Src/stm32c0xx_hal_cortex.o
                0x08001ce4                HAL_NVIC_EnableIRQ
 .text.HAL_SYSTICK_Config
                0x08001cfc       0x34 ./Drivers/STM32C0xx_HAL_Driver/Src/stm32c0xx_hal_cortex.o
                0x08001cfc                HAL_SYSTICK_Config
 .text.HAL_FLASH_Unlock
                0x08001d30       0x24 ./Drivers/STM32C0xx_HAL_Driver/Src/stm32c0xx_hal_flash.o
                0x08001d30                HAL_FLASH_Unlock
 .text.HAL_FLASH_Lock
                0x08001d54       0x18 ./Drivers/STM32C0xx_HAL_Driver/Src/stm32c0xx_hal_flash.o
                0x08001d54                HAL_FLASH_Lock
 .text.FLASH_WaitForLastOperation
                0x08001d6c       0x60 ./Drivers/STM32C0xx_HAL_Driver/Src/stm32c0xx_hal_flash.o
                0x08001d6c                FLASH_WaitForLastOperation
 .text.HAL_FLASH_Program
                0x08001dcc       0x68 ./Drivers/STM32C0xx_HAL_Driver/Src/stm32c0xx_hal_flash.o
                0x08001dcc                HAL_FLASH_Program
 .text.FLASH_PageErase
                0x08001e34       0x1c ./Drivers/STM32C0xx_HAL_Driver/Src/stm32c0xx_hal_flash_ex.o
                0x08001e34                FLASH_PageErase
 .text.HAL_FLASHEx_Erase
                0x08001e50       0x90 ./Drivers/STM32C0xx_HAL_Driver/Src/stm32c0xx_hal_flash_ex.o
                0x08001e50                HAL_FLASHEx_Erase
 .text.HAL_GPIO_Init
                0x08001ee0      0x168 ./Drivers/STM32C0xx_HAL_Driver/Src/stm32c0xx_hal_gpio.o
                0x08001ee0                HAL_GPIO_Init
 .text.HAL_GPIO_ReadPin
                0x08002048        0xc ./Drivers/STM32C0xx_HAL_Driver/Src/stm32c0xx_hal_gpio.o
                0x08002048                HAL_GPIO_ReadPin
 .text.HAL_GPIO_WritePin
                0x08002054        0xc ./Drivers/STM32C0xx_HAL_Driver/Src/stm32c0xx_hal_gpio.o
                0x08002054                HAL_GPIO_WritePin
 .text.HAL_GPIO_EXTI_Rising_Callback
                0x08002060        0x2 ./Drivers/STM32C0xx_HAL_Driver/Src/stm32c0xx_hal_gpio.o
                0x08002060                HAL_GPIO_EXTI_Rising_Callback
 .text.HAL_GPIO_EXTI_Falling_Callback
                0x08002062        0x2 ./Drivers/STM32C0xx_HAL_Driver/Src/stm32c0xx_hal_gpio.o
                0x08002062                HAL_GPIO_EXTI_Falling_Callback
 .text.HAL_GPIO_EXTI_IRQHandler
                0x08002064       0x28 ./Drivers/STM32C0xx_HAL_Driver/Src/stm32c0xx_hal_gpio.o
                0x08002064                HAL_GPIO_EXTI_IRQHandler
 .text.I2C_Flush_TXDR
                0x0800208c       0x1c ./Drivers/STM32C0xx_HAL_Driver/Src/stm32c0xx_hal_i2c.o
 .text.I2C_TransferConfig
                0x080020a8       0x2c ./Drivers/STM32C0xx_HAL_Driver/Src/stm32c0xx_hal_i2c.o
 .text.I2C_IsErrorOccurred
                0x080020d4       0xfc ./Drivers/STM32C0xx_HAL_Driver/Src/stm32c0xx_hal_i2c.o
 .text.I2C_WaitOnTXISFlagUntilTimeout
                0x080021d0       0x5c ./Drivers/STM32C0xx_HAL_Driver/Src/stm32c0xx_hal_i2c.o
 .text.I2C_WaitOnFlagUntilTimeout
                0x0800222c       0x6e ./Drivers/STM32C0xx_HAL_Driver/Src/stm32c0xx_hal_i2c.o
 .text.I2C_WaitOnSTOPFlagUntilTimeout
                0x0800229a       0x54 ./Drivers/STM32C0xx_HAL_Driver/Src/stm32c0xx_hal_i2c.o
 *fill*         0x080022ee        0x2 
 .text.HAL_I2C_Init
                0x080022f0       0xbc ./Drivers/STM32C0xx_HAL_Driver/Src/stm32c0xx_hal_i2c.o
                0x080022f0                HAL_I2C_Init
 .text.HAL_I2C_Mem_Write
                0x080023ac      0x1b4 ./Drivers/STM32C0xx_HAL_Driver/Src/stm32c0xx_hal_i2c.o
                0x080023ac                HAL_I2C_Mem_Write
 .text.HAL_I2CEx_ConfigAnalogFilter
                0x08002560       0x4c ./Drivers/STM32C0xx_HAL_Driver/Src/stm32c0xx_hal_i2c_ex.o
                0x08002560                HAL_I2CEx_ConfigAnalogFilter
 .text.HAL_I2CEx_ConfigDigitalFilter
                0x080025ac       0x48 ./Drivers/STM32C0xx_HAL_Driver/Src/stm32c0xx_hal_i2c_ex.o
                0x080025ac                HAL_I2CEx_ConfigDigitalFilter
 .text.HAL_RCC_OscConfig
                0x080025f4      0x26c ./Drivers/STM32C0xx_HAL_Driver/Src/stm32c0xx_hal_rcc.o
                0x080025f4                HAL_RCC_OscConfig
 .text.HAL_RCC_GetSysClockFreq
                0x08002860       0x4c ./Drivers/STM32C0xx_HAL_Driver/Src/stm32c0xx_hal_rcc.o
                0x08002860                HAL_RCC_GetSysClockFreq
 .text.HAL_RCC_ClockConfig
                0x080028ac      0x158 ./Drivers/STM32C0xx_HAL_Driver/Src/stm32c0xx_hal_rcc.o
                0x080028ac                HAL_RCC_ClockConfig
 .text.HAL_RCCEx_PeriphCLKConfig
                0x08002a04      0x114 ./Drivers/STM32C0xx_HAL_Driver/Src/stm32c0xx_hal_rcc_ex.o
                0x08002a04                HAL_RCCEx_PeriphCLKConfig
 .text.HAL_RTC_WaitForSynchro
                0x08002b18       0x40 ./Drivers/STM32C0xx_HAL_Driver/Src/stm32c0xx_hal_rtc.o
                0x08002b18                HAL_RTC_WaitForSynchro
 .text.RTC_EnterInitMode
                0x08002b58       0x5c ./Drivers/STM32C0xx_HAL_Driver/Src/stm32c0xx_hal_rtc.o
                0x08002b58                RTC_EnterInitMode
 .text.RTC_ExitInitMode
                0x08002bb4       0x48 ./Drivers/STM32C0xx_HAL_Driver/Src/stm32c0xx_hal_rtc.o
                0x08002bb4                RTC_ExitInitMode
 .text.HAL_RTC_Init
                0x08002bfc       0x9c ./Drivers/STM32C0xx_HAL_Driver/Src/stm32c0xx_hal_rtc.o
                0x08002bfc                HAL_RTC_Init
 .text.HAL_TIM_Base_Start_IT
                0x08002c98       0x58 ./Drivers/STM32C0xx_HAL_Driver/Src/stm32c0xx_hal_tim.o
                0x08002c98                HAL_TIM_Base_Start_IT
 .text.HAL_TIM_OC_DelayElapsedCallback
                0x08002cf0        0x2 ./Drivers/STM32C0xx_HAL_Driver/Src/stm32c0xx_hal_tim.o
                0x08002cf0                HAL_TIM_OC_DelayElapsedCallback
 .text.HAL_TIM_IC_CaptureCallback
                0x08002cf2        0x2 ./Drivers/STM32C0xx_HAL_Driver/Src/stm32c0xx_hal_tim.o
                0x08002cf2                HAL_TIM_IC_CaptureCallback
 .text.HAL_TIM_PWM_PulseFinishedCallback
                0x08002cf4        0x2 ./Drivers/STM32C0xx_HAL_Driver/Src/stm32c0xx_hal_tim.o
                0x08002cf4                HAL_TIM_PWM_PulseFinishedCallback
 .text.HAL_TIM_TriggerCallback
                0x08002cf6        0x2 ./Drivers/STM32C0xx_HAL_Driver/Src/stm32c0xx_hal_tim.o
                0x08002cf6                HAL_TIM_TriggerCallback
 .text.HAL_TIM_IRQHandler
                0x08002cf8      0x158 ./Drivers/STM32C0xx_HAL_Driver/Src/stm32c0xx_hal_tim.o
                0x08002cf8                HAL_TIM_IRQHandler
 .text.TIM_Base_SetConfig
                0x08002e50       0x84 ./Drivers/STM32C0xx_HAL_Driver/Src/stm32c0xx_hal_tim.o
                0x08002e50                TIM_Base_SetConfig
 .text.HAL_TIM_Base_Init
                0x08002ed4       0x54 ./Drivers/STM32C0xx_HAL_Driver/Src/stm32c0xx_hal_tim.o
                0x08002ed4                HAL_TIM_Base_Init
 .text.TIM_ETR_SetConfig
                0x08002f28       0x18 ./Drivers/STM32C0xx_HAL_Driver/Src/stm32c0xx_hal_tim.o
                0x08002f28                TIM_ETR_SetConfig
 .text.HAL_TIM_ConfigClockSource
                0x08002f40      0x130 ./Drivers/STM32C0xx_HAL_Driver/Src/stm32c0xx_hal_tim.o
                0x08002f40                HAL_TIM_ConfigClockSource
 .text.TIM_SlaveTimer_SetConfig.constprop.0
                0x08003070       0xd4 ./Drivers/STM32C0xx_HAL_Driver/Src/stm32c0xx_hal_tim.o
 .text.HAL_TIM_SlaveConfigSynchro
                0x08003144       0x4c ./Drivers/STM32C0xx_HAL_Driver/Src/stm32c0xx_hal_tim.o
                0x08003144                HAL_TIM_SlaveConfigSynchro
 .text.HAL_TIMEx_MasterConfigSynchronization
                0x08003190       0x60 ./Drivers/STM32C0xx_HAL_Driver/Src/stm32c0xx_hal_tim_ex.o
                0x08003190                HAL_TIMEx_MasterConfigSynchronization
 .text.HAL_TIMEx_CommutCallback
                0x080031f0        0x2 ./Drivers/STM32C0xx_HAL_Driver/Src/stm32c0xx_hal_tim_ex.o
                0x080031f0                HAL_TIMEx_CommutCallback
 .text.HAL_TIMEx_BreakCallback
                0x080031f2        0x2 ./Drivers/STM32C0xx_HAL_Driver/Src/stm32c0xx_hal_tim_ex.o
                0x080031f2                HAL_TIMEx_BreakCallback
 .text.HAL_TIMEx_Break2Callback
                0x080031f4        0x2 ./Drivers/STM32C0xx_HAL_Driver/Src/stm32c0xx_hal_tim_ex.o
                0x080031f4                HAL_TIMEx_Break2Callback
 *fill*         0x080031f6        0x2 
 .text.sprintf  0x080031f8       0x44 C:/ST/STM32CubeIDE_1.19.0/STM32CubeIDE/plugins/com.st.stm32cube.ide.mcu.externaltools.gnu-tools-for-stm32.13.3.rel1.win32_1.0.100.202509120712/tools/bin/../lib/gcc/arm-none-eabi/13.3.1/../../../../arm-none-eabi/lib/thumb/v6-m/nofp\libc_nano.a(libc_a-sprintf.o)
                0x080031f8                siprintf
                0x080031f8                sprintf
 .text.memset   0x0800323c       0x10 C:/ST/STM32CubeIDE_1.19.0/STM32CubeIDE/plugins/com.st.stm32cube.ide.mcu.externaltools.gnu-tools-for-stm32.13.3.rel1.win32_1.0.100.202509120712/tools/bin/../lib/gcc/arm-none-eabi/13.3.1/../../../../arm-none-eabi/lib/thumb/v6-m/nofp\libc_nano.a(libc_a-memset.o)
                0x0800323c                memset
 .text.__errno  0x0800324c        0xc C:/ST/STM32CubeIDE_1.19.0/STM32CubeIDE/plugins/com.st.stm32cube.ide.mcu.externaltools.gnu-tools-for-stm32.13.3.rel1.win32_1.0.100.202509120712/tools/bin/../lib/gcc/arm-none-eabi/13.3.1/../../../../arm-none-eabi/lib/thumb/v6-m/nofp\libc_nano.a(libc_a-errno.o)
                0x0800324c                __errno
 .text.__libc_init_array
                0x08003258       0x48 C:/ST/STM32CubeIDE_1.19.0/STM32CubeIDE/plugins/com.st.stm32cube.ide.mcu.externaltools.gnu-tools-for-stm32.13.3.rel1.win32_1.0.100.202509120712/tools/bin/../lib/gcc/arm-none-eabi/13.3.1/../../../../arm-none-eabi/lib/thumb/v6-m/nofp\libc_nano.a(libc_a-init.o)
                0x08003258                __libc_init_array
 .text.__retarget_lock_acquire_recursive
                0x080032a0        0x2 C:/ST/STM32CubeIDE_1.19.0/STM32CubeIDE/plugins/com.st.stm32cube.ide.mcu.externaltools.gnu-tools-for-stm32.13.3.rel1.win32_1.0.100.202509120712/tools/bin/../lib/gcc/arm-none-eabi/13.3.1/../../../../arm-none-eabi/lib/thumb/v6-m/nofp\libc_nano.a(libc_a-lock.o)
                0x080032a0                __retarget_lock_acquire_recursive
 .text.__retarget_lock_release_recursive
                0x080032a2        0x2 C:/ST/STM32CubeIDE_1.19.0/STM32CubeIDE/plugins/com.st.stm32cube.ide.mcu.externaltools.gnu-tools-for-stm32.13.3.rel1.win32_1.0.100.202509120712/tools/bin/../lib/gcc/arm-none-eabi/13.3.1/../../../../arm-none-eabi/lib/thumb/v6-m/nofp\libc_nano.a(libc_a-lock.o)
                0x080032a2                __retarget_lock_release_recursive
 .text.strcpy   0x080032a4       0x10 C:/ST/STM32CubeIDE_1.19.0/STM32CubeIDE/plugins/com.st.stm32cube.ide.mcu.externaltools.gnu-tools-for-stm32.13.3.rel1.win32_1.0.100.202509120712/tools/bin/../lib/gcc/arm-none-eabi/13.3.1/../../../../arm-none-eabi/lib/thumb/v6-m/nofp\libc_nano.a(libc_a-strcpy.o)
                0x080032a4                strcpy
 .text.memcpy   0x080032b4       0x12 C:/ST/STM32CubeIDE_1.19.0/STM32CubeIDE/plugins/com.st.stm32cube.ide.mcu.externaltools.gnu-tools-for-stm32.13.3.rel1.win32_1.0.100.202509120712/tools/bin/../lib/gcc/arm-none-eabi/13.3.1/../../../../arm-none-eabi/lib/thumb/v6-m/nofp\libc_nano.a(libc_a-memcpy-stub.o)
                0x080032b4                memcpy
 *fill*         0x080032c6        0x2 
 .text._free_r  0x080032c8       0x94 C:/ST/STM32CubeIDE_1.19.0/STM32CubeIDE/plugins/com.st.stm32cube.ide.mcu.externaltools.gnu-tools-for-stm32.13.3.rel1.win32_1.0.100.202509120712/tools/bin/../lib/gcc/arm-none-eabi/13.3.1/../../../../arm-none-eabi/lib/thumb/v6-m/nofp\libc_nano.a(libc_a-freer.o)
                0x080032c8                _free_r
 .text.sbrk_aligned
                0x0800335c       0x44 C:/ST/STM32CubeIDE_1.19.0/STM32CubeIDE/plugins/com.st.stm32cube.ide.mcu.externaltools.gnu-tools-for-stm32.13.3.rel1.win32_1.0.100.202509120712/tools/bin/../lib/gcc/arm-none-eabi/13.3.1/../../../../arm-none-eabi/lib/thumb/v6-m/nofp\libc_nano.a(libc_a-mallocr.o)
 .text._malloc_r
                0x080033a0      0x100 C:/ST/STM32CubeIDE_1.19.0/STM32CubeIDE/plugins/com.st.stm32cube.ide.mcu.externaltools.gnu-tools-for-stm32.13.3.rel1.win32_1.0.100.202509120712/tools/bin/../lib/gcc/arm-none-eabi/13.3.1/../../../../arm-none-eabi/lib/thumb/v6-m/nofp\libc_nano.a(libc_a-mallocr.o)
                0x080033a0                _malloc_r
 .text.__malloc_lock
                0x080034a0       0x10 C:/ST/STM32CubeIDE_1.19.0/STM32CubeIDE/plugins/com.st.stm32cube.ide.mcu.externaltools.gnu-tools-for-stm32.13.3.rel1.win32_1.0.100.202509120712/tools/bin/../lib/gcc/arm-none-eabi/13.3.1/../../../../arm-none-eabi/lib/thumb/v6-m/nofp\libc_nano.a(libc_a-mlock.o)
                0x080034a0                __malloc_lock
 .text.__malloc_unlock
                0x080034b0       0x10 C:/ST/STM32CubeIDE_1.19.0/STM32CubeIDE/plugins/com.st.stm32cube.ide.mcu.externaltools.gnu-tools-for-stm32.13.3.rel1.win32_1.0.100.202509120712/tools/bin/../lib/gcc/arm-none-eabi/13.3.1/../../../../arm-none-eabi/lib/thumb/v6-m/nofp\libc_nano.a(libc_a-mlock.o)
                0x080034b0                __malloc_unlock
 .text.__ssputs_r
                0x080034c0       0xc0 C:/ST/STM32CubeIDE_1.19.0/STM32CubeIDE/plugins/com.st.stm32cube.ide.mcu.externaltools.gnu-tools-for-stm32.13.3.rel1.win32_1.0.100.202509120712/tools/bin/../lib/gcc/arm-none-eabi/13.3.1/../../../../arm-none-eabi/lib/thumb/v6-m/nofp\libc_nano.a(libc_a-nano-svfprintf.o)
                0x080034c0                __ssputs_r
 .text._svfprintf_r
                0x08003580      0x1fc C:/ST/STM32CubeIDE_1.19.0/STM32CubeIDE/plugins/com.st.stm32cube.ide.mcu.externaltools.gnu-tools-for-stm32.13.3.rel1.win32_1.0.100.202509120712/tools/bin/../lib/gcc/arm-none-eabi/13.3.1/../../../../arm-none-eabi/lib/thumb/v6-m/nofp\libc_nano.a(libc_a-nano-svfprintf.o)
                0x08003580                _svfiprintf_r
                0x08003580                _svfprintf_r
 .text._printf_common
                0x0800377c       0xde C:/ST/STM32CubeIDE_1.19.0/STM32CubeIDE/plugins/com.st.stm32cube.ide.mcu.externaltools.gnu-tools-for-stm32.13.3.rel1.win32_1.0.100.202509120712/tools/bin/../lib/gcc/arm-none-eabi/13.3.1/../../../../arm-none-eabi/lib/thumb/v6-m/nofp\libc_nano.a(libc_a-nano-vfprintf_i.o)
                0x0800377c                _printf_common
 *fill*         0x0800385a        0x2 
 .text._printf_i
                0x0800385c      0x218 C:/ST/STM32CubeIDE_1.19.0/STM32CubeIDE/plugins/com.st.stm32cube.ide.mcu.externaltools.gnu-tools-for-stm32.13.3.rel1.win32_1.0.100.202509120712/tools/bin/../lib/gcc/arm-none-eabi/13.3.1/../../../../arm-none-eabi/lib/thumb/v6-m/nofp\libc_nano.a(libc_a-nano-vfprintf_i.o)
                0x0800385c                _printf_i
 .text.memmove  0x08003a74       0x24 C:/ST/STM32CubeIDE_1.19.0/STM32CubeIDE/plugins/com.st.stm32cube.ide.mcu.externaltools.gnu-tools-for-stm32.13.3.rel1.win32_1.0.100.202509120712/tools/bin/../lib/gcc/arm-none-eabi/13.3.1/../../../../arm-none-eabi/lib/thumb/v6-m/nofp\libc_nano.a(libc_a-memmove.o)
                0x08003a74                memmove
 .text._sbrk_r  0x08003a98       0x24 C:/ST/STM32CubeIDE_1.19.0/STM32CubeIDE/plugins/com.st.stm32cube.ide.mcu.externaltools.gnu-tools-for-stm32.13.3.rel1.win32_1.0.100.202509120712/tools/bin/../lib/gcc/arm-none-eabi/13.3.1/../../../../arm-none-eabi/lib/thumb/v6-m/nofp\libc_nano.a(libc_a-sbrkr.o)
                0x08003a98                _sbrk_r
 .text.memchr   0x08003abc       0x16 C:/ST/STM32CubeIDE_1.19.0/STM32CubeIDE/plugins/com.st.stm32cube.ide.mcu.externaltools.gnu-tools-for-stm32.13.3.rel1.win32_1.0.100.202509120712/tools/bin/../lib/gcc/arm-none-eabi/13.3.1/../../../../arm-none-eabi/lib/thumb/v6-m/nofp\libc_nano.a(libc_a-memchr-stub.o)
                0x08003abc                memchr
 .text._realloc_r
                0x08003ad2       0x60 C:/ST/STM32CubeIDE_1.19.0/STM32CubeIDE/plugins/com.st.stm32cube.ide.mcu.externaltools.gnu-tools-for-stm32.13.3.rel1.win32_1.0.100.202509120712/tools/bin/../lib/gcc/arm-none-eabi/13.3.1/../../../../arm-none-eabi/lib/thumb/v6-m/nofp\libc_nano.a(libc_a-reallocr.o)
                0x08003ad2                _realloc_r
 .text._malloc_usable_size_r
                0x08003b32       0x10 C:/ST/STM32CubeIDE_1.19.0/STM32CubeIDE/plugins/com.st.stm32cube.ide.mcu.externaltools.gnu-tools-for-stm32.13.3.rel1.win32_1.0.100.202509120712/tools/bin/../lib/gcc/arm-none-eabi/13.3.1/../../../../arm-none-eabi/lib/thumb/v6-m/nofp\libc_nano.a(libc_a-msizer.o)
                0x08003b32                _malloc_usable_size_r
 *(.glue_7)
 .glue_7        0x08003b42        0x0 linker stubs
 *(.glue_7t)
 .glue_7t       0x08003b42        0x0 linker stubs
 *(.eh_frame)
 *fill*         0x08003b42        0x2 
 .eh_frame      0x08003b44        0x0 C:/ST/STM32CubeIDE_1.19.0/STM32CubeIDE/plugins/com.st.stm32cube.ide.mcu.externaltools.gnu-tools-for-stm32.13.3.rel1.win32_1.0.100.202509120712/tools/bin/../lib/gcc/arm-none-eabi/13.3.1/thumb/v6-m/nofp/crtbegin.o
 *(.init)
 .init          0x08003b44        0x4 C:/ST/STM32CubeIDE_1.19.0/STM32CubeIDE/plugins/com.st.stm32cube.ide.mcu.externaltools.gnu-tools-for-stm32.13.3.rel1.win32_1.0.100.202509120712/tools/bin/../lib/gcc/arm-none-eabi/13.3.1/thumb/v6-m/nofp/crti.o
                0x08003b44                _init
 .init          0x08003b48        0x8 C:/ST/STM32CubeIDE_1.19.0/STM32CubeIDE/plugins/com.st.stm32cube.ide.mcu.externaltools.gnu-tools-for-stm32.13.3.rel1.win32_1.0.100.202509120712/tools/bin/../lib/gcc/arm-none-eabi/13.3.1/thumb/v6-m/nofp/crtn.o
 *(.fini)
 .fini          0x08003b50        0x4 C:/ST/STM32CubeIDE_1.19.0/STM32CubeIDE/plugins/com.st.stm32cube.ide.mcu.externaltools.gnu-tools-for-stm32.13.3.rel1.win32_1.0.100.202509120712/tools/bin/../lib/gcc/arm-none-eabi/13.3.1/thumb/v6-m/nofp/crti.o
                0x08003b50                _fini
 .fini          0x08003b54        0x8 C:/ST/STM32CubeIDE_1.19.0/STM32CubeIDE/plugins/com.st.stm32cube.ide.mcu.externaltools.gnu-tools-for-stm32.13.3.rel1.win32_1.0.100.202509120712/tools/bin/../lib/gcc/arm-none-eabi/13.3.1/thumb/v6-m/nofp/crtn.o
 *fill*         0x08003b5c        0x4 
 .fini.__stub   0x08003b60       0x10 linker stubs
                0x08003b70                        . = ALIGN (0x4)
                0x08003b70                        _etext = .

.vfp11_veneer   0x08003b70        0x0
 .vfp11_veneer  0x08003b70        0x0 linker stubs

.v4_bx          0x08003b70        0x0
 .v4_bx         0x08003b70        0x0 linker stubs

.iplt           0x08003b70        0x0
 .iplt          0x08003b70        0x0 C:/ST/STM32CubeIDE_1.19.0/STM32CubeIDE/plugins/com.st.stm32cube.ide.mcu.externaltools.gnu-tools-for-stm32.13.3.rel1.win32_1.0.100.202509120712/tools/bin/../lib/gcc/arm-none-eabi/13.3.1/thumb/v6-m/nofp/crtbegin.o

.rodata         0x08003b70     0x1a00
                0x08003b70                        . = ALIGN (0x4)
 *(.rodata)
 .rodata        0x08003b70        0xc ./Core/Src/main.o
 .rodata        0x08003b7c        0xc ./Core/Src/storage.o
 *(.rodata*)
 .rodata.Display_TimeScreen.str1.1
                0x08003b88       0x52 ./Core/Src/main.o
                                  0x8 (size before relaxing)
 .rodata.Display_SettingsScreen.str1.1
                0x08003bda        0x0 ./Core/Src/main.o
                                  0xc (size before relaxing)
 .rodata.main.str1.1
                0x08003bda        0x0 ./Core/Src/main.o
                                  0x6 (size before relaxing)
 *fill*         0x08003bda        0x2 
 .rodata.AHBPrescTable
                0x08003bdc       0x40 ./Core/Src/system_stm32c0xx.o
                0x08003bdc                AHBPrescTable
 .rodata.timestampToChar.str1.1
                0x08003c1c        0x0 ./Core/Src/util.o
                                  0xa (size before relaxing)
 .rodata.Font_16x26
                0x08003c1c        0xc ./Drivers/SSD1306/ssd1306_fonts.o
                0x08003c1c                Font_16x26
 .rodata.Font_6x8
                0x08003c28        0xc ./Drivers/SSD1306/ssd1306_fonts.o
                0x08003c28                Font_6x8
 .rodata.Font6x8
                0x08003c34      0x5f0 ./Drivers/SSD1306/ssd1306_fonts.o
 .rodata.Font16x26
                0x08004224     0x134c ./Drivers/SSD1306/ssd1306_fonts.o
 .rodata._svfprintf_r.str1.1
                0x08005570        0x0 C:/ST/STM32CubeIDE_1.19.0/STM32CubeIDE/plugins/com.st.stm32cube.ide.mcu.externaltools.gnu-tools-for-stm32.13.3.rel1.win32_1.0.100.202509120712/tools/bin/../lib/gcc/arm-none-eabi/13.3.1/../../../../arm-none-eabi/lib/thumb/v6-m/nofp\libc_nano.a(libc_a-nano-svfprintf.o)
                                 0x11 (size before relaxing)
 .rodata._printf_i.str1.1
                0x08005570        0x0 C:/ST/STM32CubeIDE_1.19.0/STM32CubeIDE/plugins/com.st.stm32cube.ide.mcu.externaltools.gnu-tools-for-stm32.13.3.rel1.win32_1.0.100.202509120712/tools/bin/../lib/gcc/arm-none-eabi/13.3.1/../../../../arm-none-eabi/lib/thumb/v6-m/nofp\libc_nano.a(libc_a-nano-vfprintf_i.o)
                                 0x22 (size before relaxing)
                0x08005570                        . = ALIGN (0x4)

.ARM.extab      0x08005570        0x0
                0x08005570                        . = ALIGN (0x4)
 *(.ARM.extab* .gnu.linkonce.armextab.*)
                0x08005570                        . = ALIGN (0x4)

.ARM            0x08005570        0x0
                0x08005570                        . = ALIGN (0x4)
                0x08005570                        __exidx_start = .
 *(.ARM.exidx*)
                0x08005570                        __exidx_end = .
                0x08005570                        . = ALIGN (0x4)

.preinit_array  0x08005570        0x0
                0x08005570                        . = ALIGN (0x4)
                0x08005570                        PROVIDE (__preinit_array_start = .)
 *(.preinit_array*)
                0x08005570                        PROVIDE (__preinit_array_end = .)
                0x08005570                        . = ALIGN (0x4)

.init_array     0x08005570        0x4
                0x08005570                        . = ALIGN (0x4)
                0x08005570                        PROVIDE (__init_array_start = .)
 *(SORT_BY_NAME(.init_array.*))
 *(.init_array*)
 .init_array    0x08005570        0x4 C:/ST/STM32CubeIDE_1.19.0/STM32CubeIDE/plugins/com.st.stm32cube.ide.mcu.externaltools.gnu-tools-for-stm32.13.3.rel1.win32_1.0.100.202509120712/tools/bin/../lib/gcc/arm-none-eabi/13.3.1/thumb/v6-m/nofp/crtbegin.o
                0x08005574                        PROVIDE (__init_array_end = .)
                0x08005574                        . = ALIGN (0x4)

.fini_array     0x08005574        0x4
                0x08005574                        . = ALIGN (0x4)
                [!provide]                        PROVIDE (__fini_array_start = .)
 *(SORT_BY_NAME(.fini_array.*))
 *(.fini_array*)
 .fini_array    0x08005574        0x4 C:/ST/STM32CubeIDE_1.19.0/STM32CubeIDE/plugins/com.st.stm32cube.ide.mcu.externaltools.gnu-tools-for-stm32.13.3.rel1.win32_1.0.100.202509120712/tools/bin/../lib/gcc/arm-none-eabi/13.3.1/thumb/v6-m/nofp/crtbegin.o
                [!provide]                        PROVIDE (__fini_array_end = .)
                0x08005578                        . = ALIGN (0x4)
                0x08005578                        _sidata = LOADADDR (.data)

.rel.dyn        0x08005578        0x0
 .rel.iplt      0x08005578        0x0 C:/ST/STM32CubeIDE_1.19.0/STM32CubeIDE/plugins/com.st.stm32cube.ide.mcu.externaltools.gnu-tools-for-stm32.13.3.rel1.win32_1.0.100.202509120712/tools/bin/../lib/gcc/arm-none-eabi/13.3.1/thumb/v6-m/nofp/crtbegin.o

.data           0x20000000       0x98 load address 0x08005578
                0x20000000                        . = ALIGN (0x4)
                0x20000000                        _sdata = .
 *(.data)
 *(.data*)
 .data.beeper   0x20000000        0x4 ./Core/Src/main.o
                0x20000000                beeper
 .data.SystemCoreClock
                0x20000004        0x4 ./Core/Src/system_stm32c0xx.o
                0x20000004                SystemCoreClock
 .data.uwTickFreq
                0x20000008        0x1 ./Drivers/STM32C0xx_HAL_Driver/Src/stm32c0xx_hal.o
                0x20000008                uwTickFreq
 *fill*         0x20000009        0x3 
 .data.uwTickPrio
                0x2000000c        0x4 ./Drivers/STM32C0xx_HAL_Driver/Src/stm32c0xx_hal.o
                0x2000000c                uwTickPrio
 .data._impure_ptr
                0x20000010        0x4 C:/ST/STM32CubeIDE_1.19.0/STM32CubeIDE/plugins/com.st.stm32cube.ide.mcu.externaltools.gnu-tools-for-stm32.13.3.rel1.win32_1.0.100.202509120712/tools/bin/../lib/gcc/arm-none-eabi/13.3.1/../../../../arm-none-eabi/lib/thumb/v6-m/nofp\libc_nano.a(libc_a-impure.o)
                0x20000010                _impure_ptr
 .data._impure_data
                0x20000014       0x4c C:/ST/STM32CubeIDE_1.19.0/STM32CubeIDE/plugins/com.st.stm32cube.ide.mcu.externaltools.gnu-tools-for-stm32.13.3.rel1.win32_1.0.100.202509120712/tools/bin/../lib/gcc/arm-none-eabi/13.3.1/../../../../arm-none-eabi/lib/thumb/v6-m/nofp\libc_nano.a(libc_a-impure.o)
                0x20000014                _impure_data
 *(.RamFunc)
 .RamFunc       0x20000060       0x38 ./Drivers/STM32C0xx_HAL_Driver/Src/stm32c0xx_hal_flash.o
 *(.RamFunc*)
                0x20000098                        . = ALIGN (0x4)
                0x20000098                        _edata = .

.igot.plt       0x20000098        0x0 load address 0x08005610
 .igot.plt      0x20000098        0x0 C:/ST/STM32CubeIDE_1.19.0/STM32CubeIDE/plugins/com.st.stm32cube.ide.mcu.externaltools.gnu-tools-for-stm32.13.3.rel1.win32_1.0.100.202509120712/tools/bin/../lib/gcc/arm-none-eabi/13.3.1/thumb/v6-m/nofp/crtbegin.o
                0x20000098                        . = ALIGN (0x4)

.bss            0x20000098      0x7f0 load address 0x08005610
                0x20000098                        _sbss = .
                0x20000098                        __bss_start__ = _sbss
 *(.bss)
 .bss           0x20000098       0x1c C:/ST/STM32CubeIDE_1.19.0/STM32CubeIDE/plugins/com.st.stm32cube.ide.mcu.externaltools.gnu-tools-for-stm32.13.3.rel1.win32_1.0.100.202509120712/tools/bin/../lib/gcc/arm-none-eabi/13.3.1/thumb/v6-m/nofp/crtbegin.o
 *(.bss*)
 .bss.averages  0x200000b4      0x104 ./Core/Src/main.o
                0x200000b4                averages
 .bss.session   0x200001b8       0x10 ./Core/Src/main.o
                0x200001b8                session
 .bss.buzzer_str
                0x200001c8        0x6 ./Core/Src/main.o
                0x200001c8                buzzer_str
 .bss.avg_str   0x200001ce        0x6 ./Core/Src/main.o
                0x200001ce                avg_str
 .bss.timestamp_str
                0x200001d4        0x6 ./Core/Src/main.o
                0x200001d4                timestamp_str
 .bss.oled_state
                0x200001da        0x1 ./Core/Src/main.o
                0x200001da                oled_state
 .bss.disableBuzzer
                0x200001db        0x1 ./Core/Src/main.o
                0x200001db                disableBuzzer
 .bss.buzzerEnabled
                0x200001dc        0x1 ./Core/Src/main.o
                0x200001dc                buzzerEnabled
 *fill*         0x200001dd        0x1 
 .bss.buzzerSafetyCheck
                0x200001de        0x2 ./Core/Src/main.o
                0x200001de                buzzerSafetyCheck
 .bss.buzzerSettingsMode
                0x200001e0        0x1 ./Core/Src/main.o
                0x200001e0                buzzerSettingsMode
 .bss.resumeFromStop
                0x200001e1        0x1 ./Core/Src/main.o
                0x200001e1                resumeFromStop
 *fill*         0x200001e2        0x2 
 .bss.timestamp
                0x200001e4        0x4 ./Core/Src/main.o
                0x200001e4                timestamp
 .bss.movement_state
                0x200001e8        0x1 ./Core/Src/main.o
                0x200001e8                movement_state
 *fill*         0x200001e9        0x3 
 .bss.htim1     0x200001ec       0x4c ./Core/Src/main.o
                0x200001ec                htim1
 .bss.hrtc      0x20000238       0x28 ./Core/Src/main.o
                0x20000238                hrtc
 .bss.hi2c1     0x20000260       0x54 ./Core/Src/main.o
                0x20000260                hi2c1
 .bss.hadc1     0x200002b4       0x64 ./Core/Src/main.o
                0x200002b4                hadc1
 .bss.__sbrk_heap_end
                0x20000318        0x4 ./Core/Src/sysmem.o
 .bss.SSD1306   0x2000031c        0x6 ./Drivers/SSD1306/ssd1306.o
 .bss.SSD1306_Buffer
                0x20000322      0x400 ./Drivers/SSD1306/ssd1306.o
 *fill*         0x20000722        0x2 
 .bss.uwTick    0x20000724        0x4 ./Drivers/STM32C0xx_HAL_Driver/Src/stm32c0xx_hal.o
                0x20000724                uwTick
 .bss.pFlash    0x20000728       0x18 ./Drivers/STM32C0xx_HAL_Driver/Src/stm32c0xx_hal_flash.o
                0x20000728                pFlash
 .bss.__sf      0x20000740      0x138 C:/ST/STM32CubeIDE_1.19.0/STM32CubeIDE/plugins/com.st.stm32cube.ide.mcu.externaltools.gnu-tools-for-stm32.13.3.rel1.win32_1.0.100.202509120712/tools/bin/../lib/gcc/arm-none-eabi/13.3.1/../../../../arm-none-eabi/lib/thumb/v6-m/nofp\libc_nano.a(libc_a-findfp.o)
                0x20000740                __sf
 .bss.errno     0x20000878        0x4 C:/ST/STM32CubeIDE_1.19.0/STM32CubeIDE/plugins/com.st.stm32cube.ide.mcu.externaltools.gnu-tools-for-stm32.13.3.rel1.win32_1.0.100.202509120712/tools/bin/../lib/gcc/arm-none-eabi/13.3.1/../../../../arm-none-eabi/lib/thumb/v6-m/nofp\libc_nano.a(libc_a-reent.o)
                0x20000878                errno
 .bss.__lock___malloc_recursive_mutex
                0x2000087c        0x1 C:/ST/STM32CubeIDE_1.19.0/STM32CubeIDE/plugins/com.st.stm32cube.ide.mcu.externaltools.gnu-tools-for-stm32.13.3.rel1.win32_1.0.100.202509120712/tools/bin/../lib/gcc/arm-none-eabi/13.3.1/../../../../arm-none-eabi/lib/thumb/v6-m/nofp\libc_nano.a(libc_a-lock.o)
                0x2000087c                __lock___malloc_recursive_mutex
 *fill*         0x2000087d        0x3 
 .bss.__malloc_sbrk_start
                0x20000880        0x4 C:/ST/STM32CubeIDE_1.19.0/STM32CubeIDE/plugins/com.st.stm32cube.ide.mcu.externaltools.gnu-tools-for-stm32.13.3.rel1.win32_1.0.100.202509120712/tools/bin/../lib/gcc/arm-none-eabi/13.3.1/../../../../arm-none-eabi/lib/thumb/v6-m/nofp\libc_nano.a(libc_a-mallocr.o)
                0x20000880                __malloc_sbrk_start
 .bss.__malloc_free_list
                0x20000884        0x4 C:/ST/STM32CubeIDE_1.19.0/STM32CubeIDE/plugins/com.st.stm32cube.ide.mcu.externaltools.gnu-tools-for-stm32.13.3.rel1.win32_1.0.100.202509120712/tools/bin/../lib/gcc/arm-none-eabi/13.3.1/../../../../arm-none-eabi/lib/thumb/v6-m/nofp\libc_nano.a(libc_a-mallocr.o)
                0x20000884                __malloc_free_list
 *(COMMON)
                0x20000888                        . = ALIGN (0x4)
                0x20000888                        _ebss = .
                0x20000888                        __bss_end__ = _ebss

._user_heap_stack
                0x20000888      0x600 load address 0x08005610
                0x20000888                        . = ALIGN (0x8)
                [!provide]                        PROVIDE (end = .)
                0x20000888                        PROVIDE (_end = .)
                0x20000a88                        . = (. + _Min_Heap_Size)
 *fill*         0x20000888      0x200 
                0x20000e88                        . = (. + _Min_Stack_Size)
 *fill*         0x20000a88      0x400 
                0x20000e88                        . = ALIGN (0x8)

/DISCARD/
 libc.a(*)
 libm.a(*)
 libgcc.a(*)

.ARM.attributes
                0x00000000       0x28
 *(.ARM.attributes)
 .ARM.attributes
                0x00000000       0x1e C:/ST/STM32CubeIDE_1.19.0/STM32CubeIDE/plugins/com.st.stm32cube.ide.mcu.externaltools.gnu-tools-for-stm32.13.3.rel1.win32_1.0.100.202509120712/tools/bin/../lib/gcc/arm-none-eabi/13.3.1/thumb/v6-m/nofp/crti.o
 .ARM.attributes
                0x0000001e       0x2c C:/ST/STM32CubeIDE_1.19.0/STM32CubeIDE/plugins/com.st.stm32cube.ide.mcu.externaltools.gnu-tools-for-stm32.13.3.rel1.win32_1.0.100.202509120712/tools/bin/../lib/gcc/arm-none-eabi/13.3.1/thumb/v6-m/nofp/crtbegin.o
 .ARM.attributes
                0x0000004a       0x2c ./Core/Src/main.o
 .ARM.attributes
                0x00000076       0x2c ./Core/Src/stm32c0xx_hal_msp.o
 .ARM.attributes
                0x000000a2       0x2c ./Core/Src/stm32c0xx_it.o
 .ARM.attributes
                0x000000ce       0x2c ./Core/Src/storage.o
 .ARM.attributes
                0x000000fa       0x2c ./Core/Src/sysmem.o
 .ARM.attributes
                0x00000126       0x2c ./Core/Src/system_stm32c0xx.o
 .ARM.attributes
                0x00000152       0x2c ./Core/Src/util.o
 .ARM.attributes
                0x0000017e       0x22 ./Core/Startup/startup_stm32c011f6ux.o
 .ARM.attributes
                0x000001a0       0x2c ./Drivers/SSD1306/ssd1306.o
 .ARM.attributes
                0x000001cc       0x2c ./Drivers/SSD1306/ssd1306_fonts.o
 .ARM.attributes
                0x000001f8       0x2c ./Drivers/STM32C0xx_HAL_Driver/Src/stm32c0xx_hal.o
 .ARM.attributes
                0x00000224       0x2c ./Drivers/STM32C0xx_HAL_Driver/Src/stm32c0xx_hal_adc.o
 .ARM.attributes
                0x00000250       0x2c ./Drivers/STM32C0xx_HAL_Driver/Src/stm32c0xx_hal_adc_ex.o
 .ARM.attributes
                0x0000027c       0x2c ./Drivers/STM32C0xx_HAL_Driver/Src/stm32c0xx_hal_cortex.o
 .ARM.attributes
                0x000002a8       0x2c ./Drivers/STM32C0xx_HAL_Driver/Src/stm32c0xx_hal_flash.o
 .ARM.attributes
                0x000002d4       0x2c ./Drivers/STM32C0xx_HAL_Driver/Src/stm32c0xx_hal_flash_ex.o
 .ARM.attributes
                0x00000300       0x2c ./Drivers/STM32C0xx_HAL_Driver/Src/stm32c0xx_hal_gpio.o
 .ARM.attributes
                0x0000032c       0x2c ./Drivers/STM32C0xx_HAL_Driver/Src/stm32c0xx_hal_i2c.o
 .ARM.attributes
                0x00000358       0x2c ./Drivers/STM32C0xx_HAL_Driver/Src/stm32c0xx_hal_i2c_ex.o
 .ARM.attributes
                0x00000384       0x2c ./Drivers/STM32C0xx_HAL_Driver/Src/stm32c0xx_hal_rcc.o
 .ARM.attributes
                0x000003b0       0x2c ./Drivers/STM32C0xx_HAL_Driver/Src/stm32c0xx_hal_rcc_ex.o
 .ARM.attributes
                0x000003dc       0x2c ./Drivers/STM32C0xx_HAL_Driver/Src/stm32c0xx_hal_rtc.o
 .ARM.attributes
                0x00000408       0x2c ./Drivers/STM32C0xx_HAL_Driver/Src/stm32c0xx_hal_tim.o
 .ARM.attributes
                0x00000434       0x2c ./Drivers/STM32C0xx_HAL_Driver/Src/stm32c0xx_hal_tim_ex.o
 .ARM.attributes
                0x00000460       0x2c C:/ST/STM32CubeIDE_1.19.0/STM32CubeIDE/plugins/com.st.stm32cube.ide.mcu.externaltools.gnu-tools-for-stm32.13.3.rel1.win32_1.0.100.202509120712/tools/bin/../lib/gcc/arm-none-eabi/13.3.1/../../../../arm-none-eabi/lib/thumb/v6-m/nofp\libc_nano.a(libc_a-findfp.o)
 .ARM.attributes
                0x0000048c       0x2c C:/ST/STM32CubeIDE_1.19.0/STM32CubeIDE/plugins/com.st.stm32cube.ide.mcu.externaltools.gnu-tools-for-stm32.13.3.rel1.win32_1.0.100.202509120712/tools/bin/../lib/gcc/arm-none-eabi/13.3.1/../../../../arm-none-eabi/lib/thumb/v6-m/nofp\libc_nano.a(libc_a-sprintf.o)
 .ARM.attributes
                0x000004b8       0x2c C:/ST/STM32CubeIDE_1.19.0/STM32CubeIDE/plugins/com.st.stm32cube.ide.mcu.externaltools.gnu-tools-for-stm32.13.3.rel1.win32_1.0.100.202509120712/tools/bin/../lib/gcc/arm-none-eabi/13.3.1/../../../../arm-none-eabi/lib/thumb/v6-m/nofp\libc_nano.a(libc_a-memset.o)
 .ARM.attributes
                0x000004e4       0x2c C:/ST/STM32CubeIDE_1.19.0/STM32CubeIDE/plugins/com.st.stm32cube.ide.mcu.externaltools.gnu-tools-for-stm32.13.3.rel1.win32_1.0.100.202509120712/tools/bin/../lib/gcc/arm-none-eabi/13.3.1/../../../../arm-none-eabi/lib/thumb/v6-m/nofp\libc_nano.a(libc_a-reent.o)
 .ARM.attributes
                0x00000510       0x2c C:/ST/STM32CubeIDE_1.19.0/STM32CubeIDE/plugins/com.st.stm32cube.ide.mcu.externaltools.gnu-tools-for-stm32.13.3.rel1.win32_1.0.100.202509120712/tools/bin/../lib/gcc/arm-none-eabi/13.3.1/../../../../arm-none-eabi/lib/thumb/v6-m/nofp\libc_nano.a(libc_a-impure.o)
 .ARM.attributes
                0x0000053c       0x2c C:/ST/STM32CubeIDE_1.19.0/STM32CubeIDE/plugins/com.st.stm32cube.ide.mcu.externaltools.gnu-tools-for-stm32.13.3.rel1.win32_1.0.100.202509120712/tools/bin/../lib/gcc/arm-none-eabi/13.3.1/../../../../arm-none-eabi/lib/thumb/v6-m/nofp\libc_nano.a(libc_a-errno.o)
 .ARM.attributes
                0x00000568       0x2c C:/ST/STM32CubeIDE_1.19.0/STM32CubeIDE/plugins/com.st.stm32cube.ide.mcu.externaltools.gnu-tools-for-stm32.13.3.rel1.win32_1.0.100.202509120712/tools/bin/../lib/gcc/arm-none-eabi/13.3.1/../../../../arm-none-eabi/lib/thumb/v6-m/nofp\libc_nano.a(libc_a-init.o)
 .ARM.attributes
                0x00000594       0x2c C:/ST/STM32CubeIDE_1.19.0/STM32CubeIDE/plugins/com.st.stm32cube.ide.mcu.externaltools.gnu-tools-for-stm32.13.3.rel1.win32_1.0.100.202509120712/tools/bin/../lib/gcc/arm-none-eabi/13.3.1/../../../../arm-none-eabi/lib/thumb/v6-m/nofp\libc_nano.a(libc_a-lock.o)
 .ARM.attributes
                0x000005c0       0x2c C:/ST/STM32CubeIDE_1.19.0/STM32CubeIDE/plugins/com.st.stm32cube.ide.mcu.externaltools.gnu-tools-for-stm32.13.3.rel1.win32_1.0.100.202509120712/tools/bin/../lib/gcc/arm-none-eabi/13.3.1/../../../../arm-none-eabi/lib/thumb/v6-m/nofp\libc_nano.a(libc_a-strcpy.o)
 .ARM.attributes
                0x000005ec       0x2c C:/ST/STM32CubeIDE_1.19.0/STM32CubeIDE/plugins/com.st.stm32cube.ide.mcu.externaltools.gnu-tools-for-stm32.13.3.rel1.win32_1.0.100.202509120712/tools/bin/../lib/gcc/arm-none-eabi/13.3.1/../../../../arm-none-eabi/lib/thumb/v6-m/nofp\libc_nano.a(libc_a-memcpy-stub.o)
 .ARM.attributes
                0x00000618       0x2c C:/ST/STM32CubeIDE_1.19.0/STM32CubeIDE/plugins/com.st.stm32cube.ide.mcu.externaltools.gnu-tools-for-stm32.13.3.rel1.win32_1.0.100.202509120712/tools/bin/../lib/gcc/arm-none-eabi/13.3.1/../../../../arm-none-eabi/lib/thumb/v6-m/nofp\libc_nano.a(libc_a-freer.o)
 .ARM.attributes
                0x00000644       0x2c C:/ST/STM32CubeIDE_1.19.0/STM32CubeIDE/plugins/com.st.stm32cube.ide.mcu.externaltools.gnu-tools-for-stm32.13.3.rel1.win32_1.0.100.202509120712/tools/bin/../lib/gcc/arm-none-eabi/13.3.1/../../../../arm-none-eabi/lib/thumb/v6-m/nofp\libc_nano.a(libc_a-mallocr.o)
 .ARM.attributes
                0x00000670       0x2c C:/ST/STM32CubeIDE_1.19.0/STM32CubeIDE/plugins/com.st.stm32cube.ide.mcu.externaltools.gnu-tools-for-stm32.13.3.rel1.win32_1.0.100.202509120712/tools/bin/../lib/gcc/arm-none-eabi/13.3.1/../../../../arm-none-eabi/lib/thumb/v6-m/nofp\libc_nano.a(libc_a-mlock.o)
 .ARM.attributes
                0x0000069c       0x2c C:/ST/STM32CubeIDE_1.19.0/STM32CubeIDE/plugins/com.st.stm32cube.ide.mcu.externaltools.gnu-tools-for-stm32.13.3.rel1.win32_1.0.100.202509120712/tools/bin/../lib/gcc/arm-none-eabi/13.3.1/../../../../arm-none-eabi/lib/thumb/v6-m/nofp\libc_nano.a(libc_a-nano-svfprintf.o)
 .ARM.attributes
                0x000006c8       0x2c C:/ST/STM32CubeIDE_1.19.0/STM32CubeIDE/plugins/com.st.stm32cube.ide.mcu.externaltools.gnu-tools-for-stm32.13.3.rel1.win32_1.0.100.202509120712/tools/bin/../lib/gcc/arm-none-eabi/13.3.1/../../../../arm-none-eabi/lib/thumb/v6-m/nofp\libc_nano.a(libc_a-nano-vfprintf_i.o)
 .ARM.attributes
                0x000006f4       0x2c C:/ST/STM32CubeIDE_1.19.0/STM32CubeIDE/plugins/com.st.stm32cube.ide.mcu.externaltools.gnu-tools-for-stm32.13.3.rel1.win32_1.0.100.202509120712/tools/bin/../lib/gcc/arm-none-eabi/13.3.1/../../../../arm-none-eabi/lib/thumb/v6-m/nofp\libc_nano.a(libc_a-memmove.o)
 .ARM.attributes
                0x00000720       0x2c C:/ST/STM32CubeIDE_1.19.0/STM32CubeIDE/plugins/com.st.stm32cube.ide.mcu.externaltools.gnu-tools-for-stm32.13.3.rel1.win32_1.0.100.202509120712/tools/bin/../lib/gcc/arm-none-eabi/13.3.1/../../../../arm-none-eabi/lib/thumb/v6-m/nofp\libc_nano.a(libc_a-sbrkr.o)
 .ARM.attributes
                0x0000074c       0x2c C:/ST/STM32CubeIDE_1.19.0/STM32CubeIDE/plugins/com.st.stm32cube.ide.mcu.externaltools.gnu-tools-for-stm32.13.3.rel1.win32_1.0.100.202509120712/tools/bin/../lib/gcc/arm-none-eabi/13.3.1/../../../../arm-none-eabi/lib/thumb/v6-m/nofp\libc_nano.a(libc_a-memchr-stub.o)
 .ARM.attributes
                0x00000778       0x2c C:/ST/STM32CubeIDE_1.19.0/STM32CubeIDE/plugins/com.st.stm32cube.ide.mcu.externaltools.gnu-tools-for-stm32.13.3.rel1.win32_1.0.100.202509120712/tools/bin/../lib/gcc/arm-none-eabi/13.3.1/../../../../arm-none-eabi/lib/thumb/v6-m/nofp\libc_nano.a(libc_a-reallocr.o)
 .ARM.attributes
                0x000007a4       0x2c C:/ST/STM32CubeIDE_1.19.0/STM32CubeIDE/plugins/com.st.stm32cube.ide.mcu.externaltools.gnu-tools-for-stm32.13.3.rel1.win32_1.0.100.202509120712/tools/bin/../lib/gcc/arm-none-eabi/13.3.1/../../../../arm-none-eabi/lib/thumb/v6-m/nofp\libc_nano.a(libc_a-msizer.o)
 .ARM.attributes
                0x000007d0       0x1e C:/ST/STM32CubeIDE_1.19.0/STM32CubeIDE/plugins/com.st.stm32cube.ide.mcu.externaltools.gnu-tools-for-stm32.13.3.rel1.win32_1.0.100.202509120712/tools/bin/../lib/gcc/arm-none-eabi/13.3.1/thumb/v6-m/nofp\libgcc.a(_thumb1_case_uqi.o)
 .ARM.attributes
                0x000007ee       0x1e C:/ST/STM32CubeIDE_1.19.0/STM32CubeIDE/plugins/com.st.stm32cube.ide.mcu.externaltools.gnu-tools-for-stm32.13.3.rel1.win32_1.0.100.202509120712/tools/bin/../lib/gcc/arm-none-eabi/13.3.1/thumb/v6-m/nofp\libgcc.a(_thumb1_case_shi.o)
 .ARM.attributes
                0x0000080c       0x1e C:/ST/STM32CubeIDE_1.19.0/STM32CubeIDE/plugins/com.st.stm32cube.ide.mcu.externaltools.gnu-tools-for-stm32.13.3.rel1.win32_1.0.100.202509120712/tools/bin/../lib/gcc/arm-none-eabi/13.3.1/thumb/v6-m/nofp\libgcc.a(_udivsi3.o)
 .ARM.attributes
                0x0000082a       0x1e C:/ST/STM32CubeIDE_1.19.0/STM32CubeIDE/plugins/com.st.stm32cube.ide.mcu.externaltools.gnu-tools-for-stm32.13.3.rel1.win32_1.0.100.202509120712/tools/bin/../lib/gcc/arm-none-eabi/13.3.1/thumb/v6-m/nofp\libgcc.a(_divsi3.o)
 .ARM.attributes
                0x00000848       0x1e C:/ST/STM32CubeIDE_1.19.0/STM32CubeIDE/plugins/com.st.stm32cube.ide.mcu.externaltools.gnu-tools-for-stm32.13.3.rel1.win32_1.0.100.202509120712/tools/bin/../lib/gcc/arm-none-eabi/13.3.1/thumb/v6-m/nofp\libgcc.a(_dvmd_tls.o)
 .ARM.attributes
                0x00000866       0x1e C:/ST/STM32CubeIDE_1.19.0/STM32CubeIDE/plugins/com.st.stm32cube.ide.mcu.externaltools.gnu-tools-for-stm32.13.3.rel1.win32_1.0.100.202509120712/tools/bin/../lib/gcc/arm-none-eabi/13.3.1/thumb/v6-m/nofp/crtn.o
OUTPUT(desk-time-tracker.elf elf32-littlearm)
LOAD linker stubs
LOAD C:/ST/STM32CubeIDE_1.19.0/STM32CubeIDE/plugins/com.st.stm32cube.ide.mcu.externaltools.gnu-tools-for-stm32.13.3.rel1.win32_1.0.100.202509120712/tools/bin/../lib/gcc/arm-none-eabi/13.3.1/../../../../arm-none-eabi/lib/thumb/v6-m/nofp\libc.a
LOAD C:/ST/STM32CubeIDE_1.19.0/STM32CubeIDE/plugins/com.st.stm32cube.ide.mcu.externaltools.gnu-tools-for-stm32.13.3.rel1.win32_1.0.100.202509120712/tools/bin/../lib/gcc/arm-none-eabi/13.3.1/../../../../arm-none-eabi/lib/thumb/v6-m/nofp\libm.a
LOAD C:/ST/STM32CubeIDE_1.19.0/STM32CubeIDE/plugins/com.st.stm32cube.ide.mcu.externaltools.gnu-tools-for-stm32.13.3.rel1.win32_1.0.100.202509120712/tools/bin/../lib/gcc/arm-none-eabi/13.3.1/thumb/v6-m/nofp\libgcc.a

.debug_info     0x00000000    0x1a56b
 .debug_info    0x00000000     0x2ddf ./Core/Src/main.o
 .debug_info    0x00002ddf     0x1887 ./Core/Src/stm32c0xx_hal_msp.o
 .debug_info    0x00004666      0xb62 ./Core/Src/stm32c0xx_it.o
 .debug_info    0x000051c8      0x35e ./Core/Src/storage.o
 .debug_info    0x00005526      0x186 ./Core/Src/sysmem.o
 .debug_info    0x000056ac      0x37f ./Core/Src/system_stm32c0xx.o
 .debug_info    0x00005a2b      0x34a ./Core/Src/util.o
 .debug_info    0x00005d75       0x30 ./Core/Startup/startup_stm32c011f6ux.o
 .debug_info    0x00005da5     0x20d4 ./Drivers/SSD1306/ssd1306.o
 .debug_info    0x00007e79      0x188 ./Drivers/SSD1306/ssd1306_fonts.o
 .debug_info    0x00008001      0x95c ./Drivers/STM32C0xx_HAL_Driver/Src/stm32c0xx_hal.o
 .debug_info    0x0000895d     0x20e3 ./Drivers/STM32C0xx_HAL_Driver/Src/stm32c0xx_hal_adc.o
 .debug_info    0x0000aa40      0xcbe ./Drivers/STM32C0xx_HAL_Driver/Src/stm32c0xx_hal_adc_ex.o
 .debug_info    0x0000b6fe      0xa0a ./Drivers/STM32C0xx_HAL_Driver/Src/stm32c0xx_hal_cortex.o
 .debug_info    0x0000c108      0x7f3 ./Drivers/STM32C0xx_HAL_Driver/Src/stm32c0xx_hal_flash.o
 .debug_info    0x0000c8fb      0xc45 ./Drivers/STM32C0xx_HAL_Driver/Src/stm32c0xx_hal_flash_ex.o
 .debug_info    0x0000d540      0x613 ./Drivers/STM32C0xx_HAL_Driver/Src/stm32c0xx_hal_gpio.o
 .debug_info    0x0000db53     0x3f4c ./Drivers/STM32C0xx_HAL_Driver/Src/stm32c0xx_hal_i2c.o
 .debug_info    0x00011a9f      0x9e6 ./Drivers/STM32C0xx_HAL_Driver/Src/stm32c0xx_hal_i2c_ex.o
 .debug_info    0x00012485      0xb19 ./Drivers/STM32C0xx_HAL_Driver/Src/stm32c0xx_hal_rcc.o
 .debug_info    0x00012f9e      0x5cc ./Drivers/STM32C0xx_HAL_Driver/Src/stm32c0xx_hal_rcc_ex.o
 .debug_info    0x0001356a      0xf82 ./Drivers/STM32C0xx_HAL_Driver/Src/stm32c0xx_hal_rtc.o
 .debug_info    0x000144ec     0x434e ./Drivers/STM32C0xx_HAL_Driver/Src/stm32c0xx_hal_tim.o
 .debug_info    0x0001883a     0x1d31 ./Drivers/STM32C0xx_HAL_Driver/Src/stm32c0xx_hal_tim_ex.o

.debug_abbrev   0x00000000     0x3e1c
 .debug_abbrev  0x00000000      0x4e6 ./Core/Src/main.o
 .debug_abbrev  0x000004e6      0x291 ./Core/Src/stm32c0xx_hal_msp.o
 .debug_abbrev  0x00000777      0x1f6 ./Core/Src/stm32c0xx_it.o
 .debug_abbrev  0x0000096d      0x194 ./Core/Src/storage.o
 .debug_abbrev  0x00000b01       0xdc ./Core/Src/sysmem.o
 .debug_abbrev  0x00000bdd      0x12e ./Core/Src/system_stm32c0xx.o
 .debug_abbrev  0x00000d0b      0x15e ./Core/Src/util.o
 .debug_abbrev  0x00000e69       0x24 ./Core/Startup/startup_stm32c011f6ux.o
 .debug_abbrev  0x00000e8d      0x47b ./Drivers/SSD1306/ssd1306.o
 .debug_abbrev  0x00001308       0xc3 ./Drivers/SSD1306/ssd1306_fonts.o
 .debug_abbrev  0x000013cb      0x38e ./Drivers/STM32C0xx_HAL_Driver/Src/stm32c0xx_hal.o
 .debug_abbrev  0x00001759      0x342 ./Drivers/STM32C0xx_HAL_Driver/Src/stm32c0xx_hal_adc.o
 .debug_abbrev  0x00001a9b      0x311 ./Drivers/STM32C0xx_HAL_Driver/Src/stm32c0xx_hal_adc_ex.o
 .debug_abbrev  0x00001dac      0x2d7 ./Drivers/STM32C0xx_HAL_Driver/Src/stm32c0xx_hal_cortex.o
 .debug_abbrev  0x00002083      0x338 ./Drivers/STM32C0xx_HAL_Driver/Src/stm32c0xx_hal_flash.o
 .debug_abbrev  0x000023bb      0x317 ./Drivers/STM32C0xx_HAL_Driver/Src/stm32c0xx_hal_flash_ex.o
 .debug_abbrev  0x000026d2      0x25c ./Drivers/STM32C0xx_HAL_Driver/Src/stm32c0xx_hal_gpio.o
 .debug_abbrev  0x0000292e      0x3a4 ./Drivers/STM32C0xx_HAL_Driver/Src/stm32c0xx_hal_i2c.o
 .debug_abbrev  0x00002cd2      0x1e7 ./Drivers/STM32C0xx_HAL_Driver/Src/stm32c0xx_hal_i2c_ex.o
 .debug_abbrev  0x00002eb9      0x35c ./Drivers/STM32C0xx_HAL_Driver/Src/stm32c0xx_hal_rcc.o
 .debug_abbrev  0x00003215      0x297 ./Drivers/STM32C0xx_HAL_Driver/Src/stm32c0xx_hal_rcc_ex.o
 .debug_abbrev  0x000034ac      0x299 ./Drivers/STM32C0xx_HAL_Driver/Src/stm32c0xx_hal_rtc.o
 .debug_abbrev  0x00003745      0x3b4 ./Drivers/STM32C0xx_HAL_Driver/Src/stm32c0xx_hal_tim.o
 .debug_abbrev  0x00003af9      0x323 ./Drivers/STM32C0xx_HAL_Driver/Src/stm32c0xx_hal_tim_ex.o

.debug_loclists
                0x00000000     0xc96a
 .debug_loclists
                0x00000000      0x230 ./Core/Src/main.o
 .debug_loclists
                0x00000230       0xee ./Core/Src/stm32c0xx_hal_msp.o
 .debug_loclists
                0x0000031e      0x11c ./Core/Src/storage.o
 .debug_loclists
                0x0000043a       0x4f ./Core/Src/sysmem.o
 .debug_loclists
                0x00000489       0x37 ./Core/Src/system_stm32c0xx.o
 .debug_loclists
                0x000004c0      0x1c3 ./Core/Src/util.o
 .debug_loclists
                0x00000683      0xfcb ./Drivers/SSD1306/ssd1306.o
 .debug_loclists
                0x0000164e      0x17b ./Drivers/STM32C0xx_HAL_Driver/Src/stm32c0xx_hal.o
 .debug_loclists
                0x000017c9      0xd19 ./Drivers/STM32C0xx_HAL_Driver/Src/stm32c0xx_hal_adc.o
 .debug_loclists
                0x000024e2      0x2c6 ./Drivers/STM32C0xx_HAL_Driver/Src/stm32c0xx_hal_adc_ex.o
 .debug_loclists
                0x000027a8      0x355 ./Drivers/STM32C0xx_HAL_Driver/Src/stm32c0xx_hal_cortex.o
 .debug_loclists
                0x00002afd      0x3d8 ./Drivers/STM32C0xx_HAL_Driver/Src/stm32c0xx_hal_flash.o
 .debug_loclists
                0x00002ed5      0x471 ./Drivers/STM32C0xx_HAL_Driver/Src/stm32c0xx_hal_flash_ex.o
 .debug_loclists
                0x00003346      0x2ac ./Drivers/STM32C0xx_HAL_Driver/Src/stm32c0xx_hal_gpio.o
 .debug_loclists
                0x000035f2     0x356a ./Drivers/STM32C0xx_HAL_Driver/Src/stm32c0xx_hal_i2c.o
 .debug_loclists
                0x00006b5c      0x12a ./Drivers/STM32C0xx_HAL_Driver/Src/stm32c0xx_hal_i2c_ex.o
 .debug_loclists
                0x00006c86      0x3fd ./Drivers/STM32C0xx_HAL_Driver/Src/stm32c0xx_hal_rcc.o
 .debug_loclists
                0x00007083      0x28c ./Drivers/STM32C0xx_HAL_Driver/Src/stm32c0xx_hal_rcc_ex.o
 .debug_loclists
                0x0000730f      0x933 ./Drivers/STM32C0xx_HAL_Driver/Src/stm32c0xx_hal_rtc.o
 .debug_loclists
                0x00007c42     0x39dd ./Drivers/STM32C0xx_HAL_Driver/Src/stm32c0xx_hal_tim.o
 .debug_loclists
                0x0000b61f     0x134b ./Drivers/STM32C0xx_HAL_Driver/Src/stm32c0xx_hal_tim_ex.o

.debug_aranges  0x00000000     0x1100
 .debug_aranges
                0x00000000       0x78 ./Core/Src/main.o
 .debug_aranges
                0x00000078       0x60 ./Core/Src/stm32c0xx_hal_msp.o
 .debug_aranges
                0x000000d8       0x58 ./Core/Src/stm32c0xx_it.o
 .debug_aranges
                0x00000130       0x28 ./Core/Src/storage.o
 .debug_aranges
                0x00000158       0x20 ./Core/Src/sysmem.o
 .debug_aranges
                0x00000178       0x28 ./Core/Src/system_stm32c0xx.o
 .debug_aranges
                0x000001a0       0x40 ./Core/Src/util.o
 .debug_aranges
                0x000001e0       0x28 ./Core/Startup/startup_stm32c011f6ux.o
 .debug_aranges
                0x00000208       0xd8 ./Drivers/SSD1306/ssd1306.o
 .debug_aranges
                0x000002e0       0x18 ./Drivers/SSD1306/ssd1306_fonts.o
 .debug_aranges
                0x000002f8       0xf0 ./Drivers/STM32C0xx_HAL_Driver/Src/stm32c0xx_hal.o
 .debug_aranges
                0x000003e8      0x118 ./Drivers/STM32C0xx_HAL_Driver/Src/stm32c0xx_hal_adc.o
 .debug_aranges
                0x00000500       0x58 ./Drivers/STM32C0xx_HAL_Driver/Src/stm32c0xx_hal_adc_ex.o
 .debug_aranges
                0x00000558       0xa0 ./Drivers/STM32C0xx_HAL_Driver/Src/stm32c0xx_hal_cortex.o
 .debug_aranges
                0x000005f8       0x80 ./Drivers/STM32C0xx_HAL_Driver/Src/stm32c0xx_hal_flash.o
 .debug_aranges
                0x00000678       0x70 ./Drivers/STM32C0xx_HAL_Driver/Src/stm32c0xx_hal_flash_ex.o
 .debug_aranges
                0x000006e8       0x68 ./Drivers/STM32C0xx_HAL_Driver/Src/stm32c0xx_hal_gpio.o
 .debug_aranges
                0x00000750      0x290 ./Drivers/STM32C0xx_HAL_Driver/Src/stm32c0xx_hal_i2c.o
 .debug_aranges
                0x000009e0       0x48 ./Drivers/STM32C0xx_HAL_Driver/Src/stm32c0xx_hal_i2c_ex.o
 .debug_aranges
                0x00000a28       0x90 ./Drivers/STM32C0xx_HAL_Driver/Src/stm32c0xx_hal_rcc.o
 .debug_aranges
                0x00000ab8       0x40 ./Drivers/STM32C0xx_HAL_Driver/Src/stm32c0xx_hal_rcc_ex.o
 .debug_aranges
                0x00000af8       0xc0 ./Drivers/STM32C0xx_HAL_Driver/Src/stm32c0xx_hal_rtc.o
 .debug_aranges
                0x00000bb8      0x3b0 ./Drivers/STM32C0xx_HAL_Driver/Src/stm32c0xx_hal_tim.o
 .debug_aranges
                0x00000f68      0x198 ./Drivers/STM32C0xx_HAL_Driver/Src/stm32c0xx_hal_tim_ex.o

.debug_rnglists
                0x00000000     0x1299
 .debug_rnglists
                0x00000000       0xc7 ./Core/Src/main.o
 .debug_rnglists
                0x000000c7       0xc9 ./Core/Src/stm32c0xx_hal_msp.o
 .debug_rnglists
                0x00000190       0x3d ./Core/Src/stm32c0xx_it.o
 .debug_rnglists
                0x000001cd       0x25 ./Core/Src/storage.o
 .debug_rnglists
                0x000001f2       0x13 ./Core/Src/sysmem.o
 .debug_rnglists
                0x00000205       0x19 ./Core/Src/system_stm32c0xx.o
 .debug_rnglists
                0x0000021e       0x37 ./Core/Src/util.o
 .debug_rnglists
                0x00000255       0x19 ./Core/Startup/startup_stm32c011f6ux.o
 .debug_rnglists
                0x0000026e      0x165 ./Drivers/SSD1306/ssd1306.o
 .debug_rnglists
                0x000003d3       0xbb ./Drivers/STM32C0xx_HAL_Driver/Src/stm32c0xx_hal.o
 .debug_rnglists
                0x0000048e      0x1dc ./Drivers/STM32C0xx_HAL_Driver/Src/stm32c0xx_hal_adc.o
 .debug_rnglists
                0x0000066a       0xad ./Drivers/STM32C0xx_HAL_Driver/Src/stm32c0xx_hal_adc_ex.o
 .debug_rnglists
                0x00000717       0xa3 ./Drivers/STM32C0xx_HAL_Driver/Src/stm32c0xx_hal_cortex.o
 .debug_rnglists
                0x000007ba       0x5c ./Drivers/STM32C0xx_HAL_Driver/Src/stm32c0xx_hal_flash.o
 .debug_rnglists
                0x00000816       0xd2 ./Drivers/STM32C0xx_HAL_Driver/Src/stm32c0xx_hal_flash_ex.o
 .debug_rnglists
                0x000008e8       0x4b ./Drivers/STM32C0xx_HAL_Driver/Src/stm32c0xx_hal_gpio.o
 .debug_rnglists
                0x00000933      0x256 ./Drivers/STM32C0xx_HAL_Driver/Src/stm32c0xx_hal_i2c.o
 .debug_rnglists
                0x00000b89       0x4f ./Drivers/STM32C0xx_HAL_Driver/Src/stm32c0xx_hal_i2c_ex.o
 .debug_rnglists
                0x00000bd8       0x82 ./Drivers/STM32C0xx_HAL_Driver/Src/stm32c0xx_hal_rcc.o
 .debug_rnglists
                0x00000c5a       0x5f ./Drivers/STM32C0xx_HAL_Driver/Src/stm32c0xx_hal_rcc_ex.o
 .debug_rnglists
                0x00000cb9       0x91 ./Drivers/STM32C0xx_HAL_Driver/Src/stm32c0xx_hal_rtc.o
 .debug_rnglists
                0x00000d4a      0x416 ./Drivers/STM32C0xx_HAL_Driver/Src/stm32c0xx_hal_tim.o
 .debug_rnglists
                0x00001160      0x139 ./Drivers/STM32C0xx_HAL_Driver/Src/stm32c0xx_hal_tim_ex.o

.debug_macro    0x00000000    0x16c4c
 .debug_macro   0x00000000      0x389 ./Core/Src/main.o
 .debug_macro   0x00000389      0xab4 ./Core/Src/main.o
 .debug_macro   0x00000e3d       0x2e ./Core/Src/main.o
 .debug_macro   0x00000e6b       0x28 ./Core/Src/main.o
 .debug_macro   0x00000e93       0x22 ./Core/Src/main.o
 .debug_macro   0x00000eb5       0x8e ./Core/Src/main.o
 .debug_macro   0x00000f43       0x51 ./Core/Src/main.o
 .debug_macro   0x00000f94      0x103 ./Core/Src/main.o
 .debug_macro   0x00001097       0x6a ./Core/Src/main.o
 .debug_macro   0x00001101      0x1df ./Core/Src/main.o
 .debug_macro   0x000012e0       0x1c ./Core/Src/main.o
 .debug_macro   0x000012fc       0x22 ./Core/Src/main.o
 .debug_macro   0x0000131e       0xd1 ./Core/Src/main.o
 .debug_macro   0x000013ef      0x4da ./Core/Src/main.o
 .debug_macro   0x000018c9      0x11f ./Core/Src/main.o
 .debug_macro   0x000019e8     0x8f7d ./Core/Src/main.o
 .debug_macro   0x0000a965       0x6d ./Core/Src/main.o
 .debug_macro   0x0000a9d2      0x198 ./Core/Src/main.o
 .debug_macro   0x0000ab6a       0xf5 ./Core/Src/main.o
 .debug_macro   0x0000ac5f     0x3440 ./Core/Src/main.o
 .debug_macro   0x0000e09f      0x190 ./Core/Src/main.o
 .debug_macro   0x0000e22f       0x5b ./Core/Src/main.o
 .debug_macro   0x0000e28a      0x366 ./Core/Src/main.o
 .debug_macro   0x0000e5f0      0xaf3 ./Core/Src/main.o
 .debug_macro   0x0000f0e3      0x145 ./Core/Src/main.o
 .debug_macro   0x0000f228      0x15f ./Core/Src/main.o
 .debug_macro   0x0000f387      0x179 ./Core/Src/main.o
 .debug_macro   0x0000f500      0x264 ./Core/Src/main.o
 .debug_macro   0x0000f764      0x17e ./Core/Src/main.o
 .debug_macro   0x0000f8e2       0x43 ./Core/Src/main.o
 .debug_macro   0x0000f925      0x1f1 ./Core/Src/main.o
 .debug_macro   0x0000fb16      0x91d ./Core/Src/main.o
 .debug_macro   0x00010433      0x5d7 ./Core/Src/main.o
 .debug_macro   0x00010a0a       0x2e ./Core/Src/main.o
 .debug_macro   0x00010a38      0x1aa ./Core/Src/main.o
 .debug_macro   0x00010be2      0x367 ./Core/Src/main.o
 .debug_macro   0x00010f49       0x28 ./Core/Src/main.o
 .debug_macro   0x00010f71       0xb3 ./Core/Src/main.o
 .debug_macro   0x00011024      0x22c ./Core/Src/main.o
 .debug_macro   0x00011250       0x67 ./Core/Src/main.o
 .debug_macro   0x000112b7       0xa5 ./Core/Src/main.o
 .debug_macro   0x0001135c      0x104 ./Core/Src/main.o
 .debug_macro   0x00011460       0xef ./Core/Src/main.o
 .debug_macro   0x0001154f      0x2b8 ./Core/Src/main.o
 .debug_macro   0x00011807      0x116 ./Core/Src/main.o
 .debug_macro   0x0001191d       0xeb ./Core/Src/main.o
 .debug_macro   0x00011a08      0xaa6 ./Core/Src/main.o
 .debug_macro   0x000124ae       0xd9 ./Core/Src/main.o
 .debug_macro   0x00012587      0x3c7 ./Core/Src/main.o
 .debug_macro   0x0001294e       0x3a ./Core/Src/main.o
 .debug_macro   0x00012988       0x61 ./Core/Src/main.o
 .debug_macro   0x000129e9       0x24 ./Core/Src/main.o
 .debug_macro   0x00012a0d       0x43 ./Core/Src/main.o
 .debug_macro   0x00012a50       0x34 ./Core/Src/main.o
 .debug_macro   0x00012a84       0x16 ./Core/Src/main.o
 .debug_macro   0x00012a9a       0x3c ./Core/Src/main.o
 .debug_macro   0x00012ad6      0x370 ./Core/Src/main.o
 .debug_macro   0x00012e46       0x10 ./Core/Src/main.o
 .debug_macro   0x00012e56       0x16 ./Core/Src/main.o
 .debug_macro   0x00012e6c       0x4a ./Core/Src/main.o
 .debug_macro   0x00012eb6       0x34 ./Core/Src/main.o
 .debug_macro   0x00012eea       0x10 ./Core/Src/main.o
 .debug_macro   0x00012efa       0x58 ./Core/Src/main.o
 .debug_macro   0x00012f52       0x8e ./Core/Src/main.o
 .debug_macro   0x00012fe0       0x1c ./Core/Src/main.o
 .debug_macro   0x00012ffc      0x185 ./Core/Src/main.o
 .debug_macro   0x00013181       0x16 ./Core/Src/main.o
 .debug_macro   0x00013197       0x16 ./Core/Src/main.o
 .debug_macro   0x000131ad      0x146 ./Core/Src/main.o
 .debug_macro   0x000132f3       0x2e ./Core/Src/main.o
 .debug_macro   0x00013321       0x4c ./Core/Src/main.o
 .debug_macro   0x0001336d       0x5e ./Core/Src/main.o
 .debug_macro   0x000133cb       0x10 ./Core/Src/main.o
 .debug_macro   0x000133db       0x4c ./Core/Src/main.o
 .debug_macro   0x00013427       0x16 ./Core/Src/main.o
 .debug_macro   0x0001343d       0x20 ./Core/Src/main.o
 .debug_macro   0x0001345d       0x2e ./Core/Src/main.o
 .debug_macro   0x0001348b      0x225 ./Core/Src/stm32c0xx_hal_msp.o
 .debug_macro   0x000136b0      0x22f ./Core/Src/stm32c0xx_it.o
 .debug_macro   0x000138df      0x2ed ./Core/Src/storage.o
 .debug_macro   0x00013bcc       0x5b ./Core/Src/storage.o
 .debug_macro   0x00013c27       0x94 ./Core/Src/storage.o
 .debug_macro   0x00013cbb       0x57 ./Core/Src/storage.o
 .debug_macro   0x00013d12       0x10 ./Core/Src/storage.o
 .debug_macro   0x00013d22       0x55 ./Core/Src/storage.o
 .debug_macro   0x00013d77       0x28 ./Core/Src/storage.o
 .debug_macro   0x00013d9f      0x112 ./Core/Src/sysmem.o
 .debug_macro   0x00013eb1      0x23c ./Core/Src/sysmem.o
 .debug_macro   0x000140ed      0x21c ./Core/Src/system_stm32c0xx.o
 .debug_macro   0x00014309      0x150 ./Core/Src/util.o
 .debug_macro   0x00014459       0x9e ./Core/Src/util.o
 .debug_macro   0x000144f7      0x112 ./Core/Src/util.o
 .debug_macro   0x00014609      0x341 ./Drivers/SSD1306/ssd1306.o
 .debug_macro   0x0001494a       0x28 ./Drivers/SSD1306/ssd1306.o
 .debug_macro   0x00014972      0x19b ./Drivers/SSD1306/ssd1306.o
 .debug_macro   0x00014b0d      0x26c ./Drivers/SSD1306/ssd1306_fonts.o
 .debug_macro   0x00014d79      0x234 ./Drivers/STM32C0xx_HAL_Driver/Src/stm32c0xx_hal.o
 .debug_macro   0x00014fad      0x23a ./Drivers/STM32C0xx_HAL_Driver/Src/stm32c0xx_hal_adc.o
 .debug_macro   0x000151e7      0x222 ./Drivers/STM32C0xx_HAL_Driver/Src/stm32c0xx_hal_adc_ex.o
 .debug_macro   0x00015409      0x216 ./Drivers/STM32C0xx_HAL_Driver/Src/stm32c0xx_hal_cortex.o
 .debug_macro   0x0001561f      0x216 ./Drivers/STM32C0xx_HAL_Driver/Src/stm32c0xx_hal_flash.o
 .debug_macro   0x00015835      0x216 ./Drivers/STM32C0xx_HAL_Driver/Src/stm32c0xx_hal_flash_ex.o
 .debug_macro   0x00015a4b      0x24b ./Drivers/STM32C0xx_HAL_Driver/Src/stm32c0xx_hal_gpio.o
 .debug_macro   0x00015c96      0x2e2 ./Drivers/STM32C0xx_HAL_Driver/Src/stm32c0xx_hal_i2c.o
 .debug_macro   0x00015f78      0x216 ./Drivers/STM32C0xx_HAL_Driver/Src/stm32c0xx_hal_i2c_ex.o
 .debug_macro   0x0001618e      0x246 ./Drivers/STM32C0xx_HAL_Driver/Src/stm32c0xx_hal_rcc.o
 .debug_macro   0x000163d4      0x228 ./Drivers/STM32C0xx_HAL_Driver/Src/stm32c0xx_hal_rcc_ex.o
 .debug_macro   0x000165fc      0x216 ./Drivers/STM32C0xx_HAL_Driver/Src/stm32c0xx_hal_rtc.o
 .debug_macro   0x00016812      0x21e ./Drivers/STM32C0xx_HAL_Driver/Src/stm32c0xx_hal_tim.o
 .debug_macro   0x00016a30      0x21c ./Drivers/STM32C0xx_HAL_Driver/Src/stm32c0xx_hal_tim_ex.o

.debug_line     0x00000000    0x1da18
 .debug_line    0x00000000     0x166e ./Core/Src/main.o
 .debug_line    0x0000166e      0xad3 ./Core/Src/stm32c0xx_hal_msp.o
 .debug_line    0x00002141      0x8bb ./Core/Src/stm32c0xx_it.o
 .debug_line    0x000029fc      0xa0c ./Core/Src/storage.o
 .debug_line    0x00003408      0x5c0 ./Core/Src/sysmem.o
 .debug_line    0x000039c8      0x857 ./Core/Src/system_stm32c0xx.o
 .debug_line    0x0000421f      0x6cc ./Core/Src/util.o
 .debug_line    0x000048eb       0x7d ./Core/Startup/startup_stm32c011f6ux.o
 .debug_line    0x00004968     0x172b ./Drivers/SSD1306/ssd1306.o
 .debug_line    0x00006093      0x8f1 ./Drivers/SSD1306/ssd1306_fonts.o
 .debug_line    0x00006984      0xc64 ./Drivers/STM32C0xx_HAL_Driver/Src/stm32c0xx_hal.o
 .debug_line    0x000075e8     0x2112 ./Drivers/STM32C0xx_HAL_Driver/Src/stm32c0xx_hal_adc.o
 .debug_line    0x000096fa      0xc66 ./Drivers/STM32C0xx_HAL_Driver/Src/stm32c0xx_hal_adc_ex.o
 .debug_line    0x0000a360      0xd0a ./Drivers/STM32C0xx_HAL_Driver/Src/stm32c0xx_hal_cortex.o
 .debug_line    0x0000b06a      0xd1a ./Drivers/STM32C0xx_HAL_Driver/Src/stm32c0xx_hal_flash.o
 .debug_line    0x0000bd84      0xf6f ./Drivers/STM32C0xx_HAL_Driver/Src/stm32c0xx_hal_flash_ex.o
 .debug_line    0x0000ccf3      0xd5e ./Drivers/STM32C0xx_HAL_Driver/Src/stm32c0xx_hal_gpio.o
 .debug_line    0x0000da51     0x558a ./Drivers/STM32C0xx_HAL_Driver/Src/stm32c0xx_hal_i2c.o
 .debug_line    0x00012fdb      0xa33 ./Drivers/STM32C0xx_HAL_Driver/Src/stm32c0xx_hal_i2c_ex.o
 .debug_line    0x00013a0e     0x1200 ./Drivers/STM32C0xx_HAL_Driver/Src/stm32c0xx_hal_rcc.o
 .debug_line    0x00014c0e      0xbdc ./Drivers/STM32C0xx_HAL_Driver/Src/stm32c0xx_hal_rcc_ex.o
 .debug_line    0x000157ea     0x15d6 ./Drivers/STM32C0xx_HAL_Driver/Src/stm32c0xx_hal_rtc.o
 .debug_line    0x00016dc0     0x4e12 ./Drivers/STM32C0xx_HAL_Driver/Src/stm32c0xx_hal_tim.o
 .debug_line    0x0001bbd2     0x1e46 ./Drivers/STM32C0xx_HAL_Driver/Src/stm32c0xx_hal_tim_ex.o

.debug_str      0x00000000    0x8ad5a
 .debug_str     0x00000000    0x8ad5a ./Core/Src/main.o
                              0x85eb8 (size before relaxing)
 .debug_str     0x0008ad5a        0x0 ./Core/Src/stm32c0xx_hal_msp.o
                              0x81947 (size before relaxing)
 .debug_str     0x0008ad5a        0x0 ./Core/Src/stm32c0xx_it.o
                              0x811ab (size before relaxing)
 .debug_str     0x0008ad5a        0x0 ./Core/Src/storage.o
                              0x83ba7 (size before relaxing)
 .debug_str     0x0008ad5a        0x0 ./Core/Src/sysmem.o
                               0x7694 (size before relaxing)
 .debug_str     0x0008ad5a        0x0 ./Core/Src/system_stm32c0xx.o
                              0x808d3 (size before relaxing)
 .debug_str     0x0008ad5a        0x0 ./Core/Src/util.o
                               0x78f4 (size before relaxing)
 .debug_str     0x0008ad5a        0x0 ./Core/Startup/startup_stm32c011f6ux.o
                                 0x87 (size before relaxing)
 .debug_str     0x0008ad5a        0x0 ./Drivers/SSD1306/ssd1306.o
                              0x84ed7 (size before relaxing)
 .debug_str     0x0008ad5a        0x0 ./Drivers/SSD1306/ssd1306_fonts.o
                              0x80cff (size before relaxing)
 .debug_str     0x0008ad5a        0x0 ./Drivers/STM32C0xx_HAL_Driver/Src/stm32c0xx_hal.o
                              0x80ed7 (size before relaxing)
 .debug_str     0x0008ad5a        0x0 ./Drivers/STM32C0xx_HAL_Driver/Src/stm32c0xx_hal_adc.o
                              0x816a7 (size before relaxing)
 .debug_str     0x0008ad5a        0x0 ./Drivers/STM32C0xx_HAL_Driver/Src/stm32c0xx_hal_adc_ex.o
                              0x81047 (size before relaxing)
 .debug_str     0x0008ad5a        0x0 ./Drivers/STM32C0xx_HAL_Driver/Src/stm32c0xx_hal_cortex.o
                              0x80cec (size before relaxing)
 .debug_str     0x0008ad5a        0x0 ./Drivers/STM32C0xx_HAL_Driver/Src/stm32c0xx_hal_flash.o
                              0x80ae6 (size before relaxing)
 .debug_str     0x0008ad5a        0x0 ./Drivers/STM32C0xx_HAL_Driver/Src/stm32c0xx_hal_flash_ex.o
                              0x80c76 (size before relaxing)
 .debug_str     0x0008ad5a        0x0 ./Drivers/STM32C0xx_HAL_Driver/Src/stm32c0xx_hal_gpio.o
                              0x80acb (size before relaxing)
 .debug_str     0x0008ad5a        0x0 ./Drivers/STM32C0xx_HAL_Driver/Src/stm32c0xx_hal_i2c.o
                              0x81c8e (size before relaxing)
 .debug_str     0x0008ad5a        0x0 ./Drivers/STM32C0xx_HAL_Driver/Src/stm32c0xx_hal_i2c_ex.o
                              0x80f04 (size before relaxing)
 .debug_str     0x0008ad5a        0x0 ./Drivers/STM32C0xx_HAL_Driver/Src/stm32c0xx_hal_rcc.o
                              0x80ebe (size before relaxing)
 .debug_str     0x0008ad5a        0x0 ./Drivers/STM32C0xx_HAL_Driver/Src/stm32c0xx_hal_rcc_ex.o
                              0x80b4a (size before relaxing)
 .debug_str     0x0008ad5a        0x0 ./Drivers/STM32C0xx_HAL_Driver/Src/stm32c0xx_hal_rtc.o
                              0x80cef (size before relaxing)
 .debug_str     0x0008ad5a        0x0 ./Drivers/STM32C0xx_HAL_Driver/Src/stm32c0xx_hal_tim.o
                              0x81dfb (size before relaxing)
 .debug_str     0x0008ad5a        0x0 ./Drivers/STM32C0xx_HAL_Driver/Src/stm32c0xx_hal_tim_ex.o
                              0x81789 (size before relaxing)

.comment        0x00000000       0x43
 .comment       0x00000000       0x43 ./Core/Src/main.o
                                 0x44 (size before relaxing)
 .comment       0x00000043        0x0 ./Core/Src/stm32c0xx_hal_msp.o
                                 0x44 (size before relaxing)
 .comment       0x00000043        0x0 ./Core/Src/stm32c0xx_it.o
                                 0x44 (size before relaxing)
 .comment       0x00000043        0x0 ./Core/Src/storage.o
                                 0x44 (size before relaxing)
 .comment       0x00000043        0x0 ./Core/Src/sysmem.o
                                 0x44 (size before relaxing)
 .comment       0x00000043        0x0 ./Core/Src/system_stm32c0xx.o
                                 0x44 (size before relaxing)
 .comment       0x00000043        0x0 ./Core/Src/util.o
                                 0x44 (size before relaxing)
 .comment       0x00000043        0x0 ./Drivers/SSD1306/ssd1306.o
                                 0x44 (size before relaxing)
 .comment       0x00000043        0x0 ./Drivers/SSD1306/ssd1306_fonts.o
                                 0x44 (size before relaxing)
 .comment       0x00000043        0x0 ./Drivers/STM32C0xx_HAL_Driver/Src/stm32c0xx_hal.o
                                 0x44 (size before relaxing)
 .comment       0x00000043        0x0 ./Drivers/STM32C0xx_HAL_Driver/Src/stm32c0xx_hal_adc.o
                                 0x44 (size before relaxing)
 .comment       0x00000043        0x0 ./Drivers/STM32C0xx_HAL_Driver/Src/stm32c0xx_hal_adc_ex.o
                                 0x44 (size before relaxing)
 .comment       0x00000043        0x0 ./Drivers/STM32C0xx_HAL_Driver/Src/stm32c0xx_hal_cortex.o
                                 0x44 (size before relaxing)
 .comment       0x00000043        0x0 ./Drivers/STM32C0xx_HAL_Driver/Src/stm32c0xx_hal_flash.o
                                 0x44 (size before relaxing)
 .comment       0x00000043        0x0 ./Drivers/STM32C0xx_HAL_Driver/Src/stm32c0xx_hal_flash_ex.o
                                 0x44 (size before relaxing)
 .comment       0x00000043        0x0 ./Drivers/STM32C0xx_HAL_Driver/Src/stm32c0xx_hal_gpio.o
                                 0x44 (size before relaxing)
 .comment       0x00000043        0x0 ./Drivers/STM32C0xx_HAL_Driver/Src/stm32c0xx_hal_i2c.o
                                 0x44 (size before relaxing)
 .comment       0x00000043        0x0 ./Drivers/STM32C0xx_HAL_Driver/Src/stm32c0xx_hal_i2c_ex.o
                                 0x44 (size before relaxing)
 .comment       0x00000043        0x0 ./Drivers/STM32C0xx_HAL_Driver/Src/stm32c0xx_hal_rcc.o
                                 0x44 (size before relaxing)
 .comment       0x00000043        0x0 ./Drivers/STM32C0xx_HAL_Driver/Src/stm32c0xx_hal_rcc_ex.o
                                 0x44 (size before relaxing)
 .comment       0x00000043        0x0 ./Drivers/STM32C0xx_HAL_Driver/Src/stm32c0xx_hal_rtc.o
                                 0x44 (size before relaxing)
 .comment       0x00000043        0x0 ./Drivers/STM32C0xx_HAL_Driver/Src/stm32c0xx_hal_tim.o
                                 0x44 (size before relaxing)
 .comment       0x00000043        0x0 ./Drivers/STM32C0xx_HAL_Driver/Src/stm32c0xx_hal_tim_ex.o
                                 0x44 (size before relaxing)

.debug_frame    0x00000000     0x33a4
 .debug_frame   0x00000000      0x150 ./Core/Src/main.o
 .debug_frame   0x00000150       0xf0 ./Core/Src/stm32c0xx_hal_msp.o
 .debug_frame   0x00000240       0xb0 ./Core/Src/stm32c0xx_it.o
 .debug_frame   0x000002f0       0x48 ./Core/Src/storage.o
 .debug_frame   0x00000338       0x28 ./Core/Src/sysmem.o
 .debug_frame   0x00000360       0x30 ./Core/Src/system_stm32c0xx.o
 .debug_frame   0x00000390       0x90 ./Core/Src/util.o
 .debug_frame   0x00000420      0x2b8 ./Drivers/SSD1306/ssd1306.o
 .debug_frame   0x000006d8      0x1f4 ./Drivers/STM32C0xx_HAL_Driver/Src/stm32c0xx_hal.o
 .debug_frame   0x000008cc      0x324 ./Drivers/STM32C0xx_HAL_Driver/Src/stm32c0xx_hal_adc.o
 .debug_frame   0x00000bf0       0xac ./Drivers/STM32C0xx_HAL_Driver/Src/stm32c0xx_hal_adc_ex.o
 .debug_frame   0x00000c9c      0x130 ./Drivers/STM32C0xx_HAL_Driver/Src/stm32c0xx_hal_cortex.o
 .debug_frame   0x00000dcc      0x130 ./Drivers/STM32C0xx_HAL_Driver/Src/stm32c0xx_hal_flash.o
 .debug_frame   0x00000efc      0x100 ./Drivers/STM32C0xx_HAL_Driver/Src/stm32c0xx_hal_flash_ex.o
 .debug_frame   0x00000ffc       0xe0 ./Drivers/STM32C0xx_HAL_Driver/Src/stm32c0xx_hal_gpio.o
 .debug_frame   0x000010dc      0x888 ./Drivers/STM32C0xx_HAL_Driver/Src/stm32c0xx_hal_i2c.o
 .debug_frame   0x00001964       0xb0 ./Drivers/STM32C0xx_HAL_Driver/Src/stm32c0xx_hal_i2c_ex.o
 .debug_frame   0x00001a14      0x164 ./Drivers/STM32C0xx_HAL_Driver/Src/stm32c0xx_hal_rcc.o
 .debug_frame   0x00001b78       0x84 ./Drivers/STM32C0xx_HAL_Driver/Src/stm32c0xx_hal_rcc_ex.o
 .debug_frame   0x00001bfc      0x23c ./Drivers/STM32C0xx_HAL_Driver/Src/stm32c0xx_hal_rtc.o
 .debug_frame   0x00001e38      0xb04 ./Drivers/STM32C0xx_HAL_Driver/Src/stm32c0xx_hal_tim.o
 .debug_frame   0x0000293c      0x4c4 ./Drivers/STM32C0xx_HAL_Driver/Src/stm32c0xx_hal_tim_ex.o
 .debug_frame   0x00002e00      0x138 C:/ST/STM32CubeIDE_1.19.0/STM32CubeIDE/plugins/com.st.stm32cube.ide.mcu.externaltools.gnu-tools-for-stm32.13.3.rel1.win32_1.0.100.202509120712/tools/bin/../lib/gcc/arm-none-eabi/13.3.1/../../../../arm-none-eabi/lib/thumb/v6-m/nofp\libc_nano.a(libc_a-findfp.o)
 .debug_frame   0x00002f38       0x50 C:/ST/STM32CubeIDE_1.19.0/STM32CubeIDE/plugins/com.st.stm32cube.ide.mcu.externaltools.gnu-tools-for-stm32.13.3.rel1.win32_1.0.100.202509120712/tools/bin/../lib/gcc/arm-none-eabi/13.3.1/../../../../arm-none-eabi/lib/thumb/v6-m/nofp\libc_nano.a(libc_a-sprintf.o)